17:50:56 **** Incremental Build of configuration Debug for project BluePill_VCP ****
make -j16 all 
arm-none-eabi-gcc "../Core/Src/main.c" -mcpu=cortex-m3 -std=gnu11 -g3 -DDEBUG -DUSE_HAL_DRIVER -DSTM32F103xB -c -I../Core/Inc -I../Drivers/STM32F1xx_HAL_Driver/Inc/Legacy -I../Drivers/STM32F1xx_HAL_Driver/Inc -I../Drivers/CMSIS/Device/ST/STM32F1xx/Include -I../Drivers/CMSIS/Include -I../USB_DEVICE/App -I../USB_DEVICE/Target -I../Middlewares/ST/STM32_USB_Device_Library/Core/Inc -I../Middlewares/ST/STM32_USB_Device_Library/Class/CDC/Inc -O0 -ffunction-sections -fdata-sections -Wall -fstack-usage -fcyclomatic-complexity -MMD -MP -MF"Core/Src/main.d" -MT"Core/Src/main.o" --specs=nano.specs -mfloat-abi=soft -mthumb -o "Core/Src/main.o"
arm-none-eabi-gcc -o "BluePill_VCP.elf" @"objects.list"   -mcpu=cortex-m3 -T"C:\Users\hfk47\STM32CubeIDE\workspace_1.18.1\BluePill_VCP\STM32F103C8TX_FLASH.ld" --specs=nosys.specs -Wl,-Map="BluePill_VCP.map" -Wl,--gc-sections -static --specs=nano.specs -mfloat-abi=soft -mthumb -Wl,--start-group -lc -lm -Wl,--end-group
Finished building target: BluePill_VCP.elf
 
arm-none-eabi-size  BluePill_VCP.elf 
arm-none-eabi-objdump -h -S BluePill_VCP.elf  > "BluePill_VCP.list"
   text	   data	    bss	    dec	    hex	filename
  29492	    408	   6144	  36044	   8ccc	BluePill_VCP.elf
Finished building: default.size.stdout
 
Finished building: BluePill_VCP.list
 

17:50:57 Build Finished. 0 errors, 0 warnings. (took 739ms)

