01:35:00 **** Incremental Build of configuration Debug for project BluePill_LoRa_Transmitter ****
make -j16 all 
arm-none-eabi-gcc "../Core/Src/main.c" -mcpu=cortex-m3 -std=gnu11 -g3 -DDEBUG -DUSE_HAL_DRIVER -DSTM32F103xB -c -I../Core/Inc -I../Drivers/STM32F1xx_HAL_Driver/Inc/Legacy -I../Drivers/STM32F1xx_HAL_Driver/Inc -I../Drivers/CMSIS/Device/ST/STM32F1xx/Include -I../Drivers/CMSIS/Include -O0 -ffunction-sections -fdata-sections -Wall -fstack-usage -fcyclomatic-complexity -MMD -MP -MF"Core/Src/main.d" -MT"Core/Src/main.o" --specs=nano.specs -mfloat-abi=soft -mthumb -o "Core/Src/main.o"
arm-none-eabi-gcc -o "BluePill_LoRa_Transmitter.elf" @"objects.list"   -mcpu=cortex-m3 -T"C:\Users\hfk47\STM32CubeIDE\workspace_1.18.1\BluePill_LoRa_Transmitter\STM32F103C8TX_FLASH.ld" --specs=nosys.specs -Wl,-Map="BluePill_LoRa_Transmitter.map" -Wl,--gc-sections -static --specs=nano.specs -mfloat-abi=soft -mthumb -Wl,--start-group -lc -lm -Wl,--end-group
Finished building target: BluePill_LoRa_Transmitter.elf
 
arm-none-eabi-size  BluePill_LoRa_Transmitter.elf 
arm-none-eabi-objdump -h -S BluePill_LoRa_Transmitter.elf  > "BluePill_LoRa_Transmitter.list"
   text	   data	    bss	    dec	    hex	filename
   8208	     12	   1708	   9928	   26c8	BluePill_LoRa_Transmitter.elf
Finished building: default.size.stdout
 
Finished building: BluePill_LoRa_Transmitter.list
 

01:35:02 Build Finished. 0 errors, 0 warnings. (took 2s.8ms)

