16:58:31 **** Incremental Build of configuration Debug for project F407VGT6_STemWin ****
make -j16 all 
arm-none-eabi-gcc "../Core/Src/GUIConf.c" -mcpu=cortex-m4 -std=gnu11 -g3 -DDEBUG -DUSE_HAL_DRIVER -DSTM32F407xx -c -I../GUI/inc -I../Core/Inc -I../Drivers/STM32F4xx_HAL_Driver/Inc -I../Drivers/STM32F4xx_HAL_Driver/Inc/Legacy -I../Drivers/CMSIS/Device/ST/STM32F4xx/Include -I../Drivers/CMSIS/Include -O0 -ffunction-sections -fdata-sections -Wall -fstack-usage -fcyclomatic-complexity -MMD -MP -MF"Core/Src/GUIConf.d" -MT"Core/Src/GUIConf.o" --specs=nano.specs -mfpu=fpv4-sp-d16 -mfloat-abi=hard -mthumb -o "Core/Src/GUIConf.o"
arm-none-eabi-gcc -o "F407VGT6_STemWin.elf" @"objects.list"  -l:libSTemWin.a -mcpu=cortex-m4 -T"C:\Users\hfk47\STM32CubeIDE\workspace_1.18.1\F407VGT6_STemWin\STM32F407VGTX_FLASH.ld" --specs=nosys.specs -Wl,-Map="F407VGT6_STemWin.map" -Wl,--gc-sections -static -L"C:\Users\hfk47\STM32CubeIDE\workspace_1.18.1\F407VGT6_STemWin\GUI\Lib" --specs=nano.specs -mfpu=fpv4-sp-d16 -mfloat-abi=hard -mthumb -Wl,--start-group -lc -lm -Wl,--end-group
Finished building target: F407VGT6_STemWin.elf
 
arm-none-eabi-size  F407VGT6_STemWin.elf 
arm-none-eabi-objdump -h -S F407VGT6_STemWin.elf  > "F407VGT6_STemWin.list"
   text	   data	    bss	    dec	    hex	filename
  74064	    540	  12788	  87392	  15560	F407VGT6_STemWin.elf
Finished building: default.size.stdout
 
Finished building: F407VGT6_STemWin.list
 

16:58:31 Build Finished. 0 errors, 0 warnings. (took 549ms)

