17:52:55 **** Incremental Build of configuration Debug for project STM32_ILI9341_EMWIN_FATFS ****
make -j16 all 
arm-none-eabi-size  STM32_ILI9341_EMWIN_FATFS.elf 
   text	   data	    bss	    dec	    hex	filename
  53196	    116	  14972	  68284	  10abc	STM32_ILI9341_EMWIN_FATFS.elf
Finished building: default.size.stdout
 
17:52:58 **** Incremental Build of configuration Debug for project STM32_ILI9341_EMWIN_FATFS ****
make -j16 all 
arm-none-eabi-size  STM32_ILI9341_EMWIN_FATFS.elf 
   text	   data	    bss	    dec	    hex	filename
  53196	    116	  14972	  68284	  10abc	STM32_ILI9341_EMWIN_FATFS.elf
Finished building: default.size.stdout
 
17:56:05 **** Incremental Build of configuration Debug for project STM32_ILI9341_EMWIN_FATFS ****
make -j16 all 
arm-none-eabi-gcc "../Middlewares/Third_Party/FatFs/src/option/ccsbcs.c" -mcpu=cortex-m4 -std=gnu11 -g3 -DUSE_HAL_DRIVER -DDEBUG -DSTM32F407xx -c -I../Core/Inc -I../Drivers/STM32F4xx_HAL_Driver/Inc -I../Drivers/STM32F4xx_HAL_Driver/Inc/Legacy -I../Drivers/CMSIS/Device/ST/STM32F4xx/Include -I../Drivers/CMSIS/Include -I../GUI/Inc -I../FATFS/Target -I../FATFS/App -I../Middlewares/Third_Party/FatFs/src -O0 -ffunction-sections -fdata-sections -Wall -fstack-usage -fcyclomatic-complexity -MMD -MP -MF"Middlewares/Third_Party/FatFs/src/option/ccsbcs.d" -MT"Middlewares/Third_Party/FatFs/src/option/ccsbcs.o" --specs=nano.specs -mfpu=fpv4-sp-d16 -mfloat-abi=hard -mthumb -o "Middlewares/Third_Party/FatFs/src/option/ccsbcs.o"
arm-none-eabi-gcc "../Middlewares/Third_Party/FatFs/src/option/syscall.c" -mcpu=cortex-m4 -std=gnu11 -g3 -DUSE_HAL_DRIVER -DDEBUG -DSTM32F407xx -c -I../Core/Inc -I../Drivers/STM32F4xx_HAL_Driver/Inc -I../Drivers/STM32F4xx_HAL_Driver/Inc/Legacy -I../Drivers/CMSIS/Device/ST/STM32F4xx/Include -I../Drivers/CMSIS/Include -I../GUI/Inc -I../FATFS/Target -I../FATFS/App -I../Middlewares/Third_Party/FatFs/src -O0 -ffunction-sections -fdata-sections -Wall -fstack-usage -fcyclomatic-complexity -MMD -MP -MF"Middlewares/Third_Party/FatFs/src/option/syscall.d" -MT"Middlewares/Third_Party/FatFs/src/option/syscall.o" --specs=nano.specs -mfpu=fpv4-sp-d16 -mfloat-abi=hard -mthumb -o "Middlewares/Third_Party/FatFs/src/option/syscall.o"
arm-none-eabi-gcc "../Middlewares/Third_Party/FatFs/src/diskio.c" -mcpu=cortex-m4 -std=gnu11 -g3 -DUSE_HAL_DRIVER -DDEBUG -DSTM32F407xx -c -I../Core/Inc -I../Drivers/STM32F4xx_HAL_Driver/Inc -I../Drivers/STM32F4xx_HAL_Driver/Inc/Legacy -I../Drivers/CMSIS/Device/ST/STM32F4xx/Include -I../Drivers/CMSIS/Include -I../GUI/Inc -I../FATFS/Target -I../FATFS/App -I../Middlewares/Third_Party/FatFs/src -O0 -ffunction-sections -fdata-sections -Wall -fstack-usage -fcyclomatic-complexity -MMD -MP -MF"Middlewares/Third_Party/FatFs/src/diskio.d" -MT"Middlewares/Third_Party/FatFs/src/diskio.o" --specs=nano.specs -mfpu=fpv4-sp-d16 -mfloat-abi=hard -mthumb -o "Middlewares/Third_Party/FatFs/src/diskio.o"
arm-none-eabi-gcc "../Middlewares/Third_Party/FatFs/src/ff.c" -mcpu=cortex-m4 -std=gnu11 -g3 -DUSE_HAL_DRIVER -DDEBUG -DSTM32F407xx -c -I../Core/Inc -I../Drivers/STM32F4xx_HAL_Driver/Inc -I../Drivers/STM32F4xx_HAL_Driver/Inc/Legacy -I../Drivers/CMSIS/Device/ST/STM32F4xx/Include -I../Drivers/CMSIS/Include -I../GUI/Inc -I../FATFS/Target -I../FATFS/App -I../Middlewares/Third_Party/FatFs/src -O0 -ffunction-sections -fdata-sections -Wall -fstack-usage -fcyclomatic-complexity -MMD -MP -MF"Middlewares/Third_Party/FatFs/src/ff.d" -MT"Middlewares/Third_Party/FatFs/src/ff.o" --specs=nano.specs -mfpu=fpv4-sp-d16 -mfloat-abi=hard -mthumb -o "Middlewares/Third_Party/FatFs/src/ff.o"
arm-none-eabi-gcc "../Middlewares/Third_Party/FatFs/src/ff_gen_drv.c" -mcpu=cortex-m4 -std=gnu11 -g3 -DUSE_HAL_DRIVER -DDEBUG -DSTM32F407xx -c -I../Core/Inc -I../Drivers/STM32F4xx_HAL_Driver/Inc -I../Drivers/STM32F4xx_HAL_Driver/Inc/Legacy -I../Drivers/CMSIS/Device/ST/STM32F4xx/Include -I../Drivers/CMSIS/Include -I../GUI/Inc -I../FATFS/Target -I../FATFS/App -I../Middlewares/Third_Party/FatFs/src -O0 -ffunction-sections -fdata-sections -Wall -fstack-usage -fcyclomatic-complexity -MMD -MP -MF"Middlewares/Third_Party/FatFs/src/ff_gen_drv.d" -MT"Middlewares/Third_Party/FatFs/src/ff_gen_drv.o" --specs=nano.specs -mfpu=fpv4-sp-d16 -mfloat-abi=hard -mthumb -o "Middlewares/Third_Party/FatFs/src/ff_gen_drv.o"
arm-none-eabi-gcc "../FATFS/Target/user_diskio(1).c" -mcpu=cortex-m4 -std=gnu11 -g3 -DUSE_HAL_DRIVER -DDEBUG -DSTM32F407xx -c -I../Core/Inc -I../Drivers/STM32F4xx_HAL_Driver/Inc -I../Drivers/STM32F4xx_HAL_Driver/Inc/Legacy -I../Drivers/CMSIS/Device/ST/STM32F4xx/Include -I../Drivers/CMSIS/Include -I../GUI/Inc -I../FATFS/Target -I../FATFS/App -I../Middlewares/Third_Party/FatFs/src -O0 -ffunction-sections -fdata-sections -Wall -fstack-usage -fcyclomatic-complexity -MMD -MP -MF"FATFS/Target/user_diskio(1).d" -MT"FATFS/Target/user_diskio(1).o" --specs=nano.specs -mfpu=fpv4-sp-d16 -mfloat-abi=hard -mthumb -o "FATFS/Target/user_diskio(1).o"
arm-none-eabi-gcc "../FATFS/Target/user_diskio.c" -mcpu=cortex-m4 -std=gnu11 -g3 -DUSE_HAL_DRIVER -DDEBUG -DSTM32F407xx -c -I../Core/Inc -I../Drivers/STM32F4xx_HAL_Driver/Inc -I../Drivers/STM32F4xx_HAL_Driver/Inc/Legacy -I../Drivers/CMSIS/Device/ST/STM32F4xx/Include -I../Drivers/CMSIS/Include -I../GUI/Inc -I../FATFS/Target -I../FATFS/App -I../Middlewares/Third_Party/FatFs/src -O0 -ffunction-sections -fdata-sections -Wall -fstack-usage -fcyclomatic-complexity -MMD -MP -MF"FATFS/Target/user_diskio.d" -MT"FATFS/Target/user_diskio.o" --specs=nano.specs -mfpu=fpv4-sp-d16 -mfloat-abi=hard -mthumb -o "FATFS/Target/user_diskio.o"
arm-none-eabi-gcc "../FATFS/App/fatfs(1).c" -mcpu=cortex-m4 -std=gnu11 -g3 -DUSE_HAL_DRIVER -DDEBUG -DSTM32F407xx -c -I../Core/Inc -I../Drivers/STM32F4xx_HAL_Driver/Inc -I../Drivers/STM32F4xx_HAL_Driver/Inc/Legacy -I../Drivers/CMSIS/Device/ST/STM32F4xx/Include -I../Drivers/CMSIS/Include -I../GUI/Inc -I../FATFS/Target -I../FATFS/App -I../Middlewares/Third_Party/FatFs/src -O0 -ffunction-sections -fdata-sections -Wall -fstack-usage -fcyclomatic-complexity -MMD -MP -MF"FATFS/App/fatfs(1).d" -MT"FATFS/App/fatfs(1).o" --specs=nano.specs -mfpu=fpv4-sp-d16 -mfloat-abi=hard -mthumb -o "FATFS/App/fatfs(1).o"
arm-none-eabi-gcc "../FATFS/App/fatfs.c" -mcpu=cortex-m4 -std=gnu11 -g3 -DUSE_HAL_DRIVER -DDEBUG -DSTM32F407xx -c -I../Core/Inc -I../Drivers/STM32F4xx_HAL_Driver/Inc -I../Drivers/STM32F4xx_HAL_Driver/Inc/Legacy -I../Drivers/CMSIS/Device/ST/STM32F4xx/Include -I../Drivers/CMSIS/Include -I../GUI/Inc -I../FATFS/Target -I../FATFS/App -I../Middlewares/Third_Party/FatFs/src -O0 -ffunction-sections -fdata-sections -Wall -fstack-usage -fcyclomatic-complexity -MMD -MP -MF"FATFS/App/fatfs.d" -MT"FATFS/App/fatfs.o" --specs=nano.specs -mfpu=fpv4-sp-d16 -mfloat-abi=hard -mthumb -o "FATFS/App/fatfs.o"
arm-none-eabi-gcc -mcpu=cortex-m4 -g3 -DDEBUG -c -x assembler-with-cpp -MMD -MP -MF"Core/Startup/startup_stm32f407vgtx(1).d" -MT"Core/Startup/startup_stm32f407vgtx(1).o" --specs=nano.specs -mfpu=fpv4-sp-d16 -mfloat-abi=hard -mthumb -o "Core/Startup/startup_stm32f407vgtx(1).o" "../Core/Startup/startup_stm32f407vgtx(1).s"
arm-none-eabi-gcc -mcpu=cortex-m4 -g3 -DDEBUG -c -x assembler-with-cpp -MMD -MP -MF"Core/Startup/startup_stm32f407vgtx.d" -MT"Core/Startup/startup_stm32f407vgtx.o" --specs=nano.specs -mfpu=fpv4-sp-d16 -mfloat-abi=hard -mthumb -o "Core/Startup/startup_stm32f407vgtx.o" "../Core/Startup/startup_stm32f407vgtx.s"
arm-none-eabi-gcc "../Core/Src/GUIConf(1).c" -mcpu=cortex-m4 -std=gnu11 -g3 -DUSE_HAL_DRIVER -DDEBUG -DSTM32F407xx -c -I../Core/Inc -I../Drivers/STM32F4xx_HAL_Driver/Inc -I../Drivers/STM32F4xx_HAL_Driver/Inc/Legacy -I../Drivers/CMSIS/Device/ST/STM32F4xx/Include -I../Drivers/CMSIS/Include -I../GUI/Inc -I../FATFS/Target -I../FATFS/App -I../Middlewares/Third_Party/FatFs/src -O0 -ffunction-sections -fdata-sections -Wall -fstack-usage -fcyclomatic-complexity -MMD -MP -MF"Core/Src/GUIConf(1).d" -MT"Core/Src/GUIConf(1).o" --specs=nano.specs -mfpu=fpv4-sp-d16 -mfloat-abi=hard -mthumb -o "Core/Src/GUIConf(1).o"
arm-none-eabi-gcc "../Core/Src/GUIConf.c" -mcpu=cortex-m4 -std=gnu11 -g3 -DUSE_HAL_DRIVER -DDEBUG -DSTM32F407xx -c -I../Core/Inc -I../Drivers/STM32F4xx_HAL_Driver/Inc -I../Drivers/STM32F4xx_HAL_Driver/Inc/Legacy -I../Drivers/CMSIS/Device/ST/STM32F4xx/Include -I../Drivers/CMSIS/Include -I../GUI/Inc -I../FATFS/Target -I../FATFS/App -I../Middlewares/Third_Party/FatFs/src -O0 -ffunction-sections -fdata-sections -Wall -fstack-usage -fcyclomatic-complexity -MMD -MP -MF"Core/Src/GUIConf.d" -MT"Core/Src/GUIConf.o" --specs=nano.specs -mfpu=fpv4-sp-d16 -mfloat-abi=hard -mthumb -o "Core/Src/GUIConf.o"
arm-none-eabi-gcc "../Core/Src/GUI_X(1).c" -mcpu=cortex-m4 -std=gnu11 -g3 -DUSE_HAL_DRIVER -DDEBUG -DSTM32F407xx -c -I../Core/Inc -I../Drivers/STM32F4xx_HAL_Driver/Inc -I../Drivers/STM32F4xx_HAL_Driver/Inc/Legacy -I../Drivers/CMSIS/Device/ST/STM32F4xx/Include -I../Drivers/CMSIS/Include -I../GUI/Inc -I../FATFS/Target -I../FATFS/App -I../Middlewares/Third_Party/FatFs/src -O0 -ffunction-sections -fdata-sections -Wall -fstack-usage -fcyclomatic-complexity -MMD -MP -MF"Core/Src/GUI_X(1).d" -MT"Core/Src/GUI_X(1).o" --specs=nano.specs -mfpu=fpv4-sp-d16 -mfloat-abi=hard -mthumb -o "Core/Src/GUI_X(1).o"
arm-none-eabi-gcc "../Core/Src/GUI_X.c" -mcpu=cortex-m4 -std=gnu11 -g3 -DUSE_HAL_DRIVER -DDEBUG -DSTM32F407xx -c -I../Core/Inc -I../Drivers/STM32F4xx_HAL_Driver/Inc -I../Drivers/STM32F4xx_HAL_Driver/Inc/Legacy -I../Drivers/CMSIS/Device/ST/STM32F4xx/Include -I../Drivers/CMSIS/Include -I../GUI/Inc -I../FATFS/Target -I../FATFS/App -I../Middlewares/Third_Party/FatFs/src -O0 -ffunction-sections -fdata-sections -Wall -fstack-usage -fcyclomatic-complexity -MMD -MP -MF"Core/Src/GUI_X.d" -MT"Core/Src/GUI_X.o" --specs=nano.specs -mfpu=fpv4-sp-d16 -mfloat-abi=hard -mthumb -o "Core/Src/GUI_X.o"
arm-none-eabi-gcc "../Core/Src/LCDConf_FlexColor(1).c" -mcpu=cortex-m4 -std=gnu11 -g3 -DUSE_HAL_DRIVER -DDEBUG -DSTM32F407xx -c -I../Core/Inc -I../Drivers/STM32F4xx_HAL_Driver/Inc -I../Drivers/STM32F4xx_HAL_Driver/Inc/Legacy -I../Drivers/CMSIS/Device/ST/STM32F4xx/Include -I../Drivers/CMSIS/Include -I../GUI/Inc -I../FATFS/Target -I../FATFS/App -I../Middlewares/Third_Party/FatFs/src -O0 -ffunction-sections -fdata-sections -Wall -fstack-usage -fcyclomatic-complexity -MMD -MP -MF"Core/Src/LCDConf_FlexColor(1).d" -MT"Core/Src/LCDConf_FlexColor(1).o" --specs=nano.specs -mfpu=fpv4-sp-d16 -mfloat-abi=hard -mthumb -o "Core/Src/LCDConf_FlexColor(1).o"
arm-none-eabi-gcc "../Core/Src/LCDConf_FlexColor.c" -mcpu=cortex-m4 -std=gnu11 -g3 -DUSE_HAL_DRIVER -DDEBUG -DSTM32F407xx -c -I../Core/Inc -I../Drivers/STM32F4xx_HAL_Driver/Inc -I../Drivers/STM32F4xx_HAL_Driver/Inc/Legacy -I../Drivers/CMSIS/Device/ST/STM32F4xx/Include -I../Drivers/CMSIS/Include -I../GUI/Inc -I../FATFS/Target -I../FATFS/App -I../Middlewares/Third_Party/FatFs/src -O0 -ffunction-sections -fdata-sections -Wall -fstack-usage -fcyclomatic-complexity -MMD -MP -MF"Core/Src/LCDConf_FlexColor.d" -MT"Core/Src/LCDConf_FlexColor.o" --specs=nano.specs -mfpu=fpv4-sp-d16 -mfloat-abi=hard -mthumb -o "Core/Src/LCDConf_FlexColor.o"
arm-none-eabi-gcc "../Core/Src/fatfs_sd(1).c" -mcpu=cortex-m4 -std=gnu11 -g3 -DUSE_HAL_DRIVER -DDEBUG -DSTM32F407xx -c -I../Core/Inc -I../Drivers/STM32F4xx_HAL_Driver/Inc -I../Drivers/STM32F4xx_HAL_Driver/Inc/Legacy -I../Drivers/CMSIS/Device/ST/STM32F4xx/Include -I../Drivers/CMSIS/Include -I../GUI/Inc -I../FATFS/Target -I../FATFS/App -I../Middlewares/Third_Party/FatFs/src -O0 -ffunction-sections -fdata-sections -Wall -fstack-usage -fcyclomatic-complexity -MMD -MP -MF"Core/Src/fatfs_sd(1).d" -MT"Core/Src/fatfs_sd(1).o" --specs=nano.specs -mfpu=fpv4-sp-d16 -mfloat-abi=hard -mthumb -o "Core/Src/fatfs_sd(1).o"
arm-none-eabi-gcc "../Core/Src/fatfs_sd.c" -mcpu=cortex-m4 -std=gnu11 -g3 -DUSE_HAL_DRIVER -DDEBUG -DSTM32F407xx -c -I../Core/Inc -I../Drivers/STM32F4xx_HAL_Driver/Inc -I../Drivers/STM32F4xx_HAL_Driver/Inc/Legacy -I../Drivers/CMSIS/Device/ST/STM32F4xx/Include -I../Drivers/CMSIS/Include -I../GUI/Inc -I../FATFS/Target -I../FATFS/App -I../Middlewares/Third_Party/FatFs/src -O0 -ffunction-sections -fdata-sections -Wall -fstack-usage -fcyclomatic-complexity -MMD -MP -MF"Core/Src/fatfs_sd.d" -MT"Core/Src/fatfs_sd.o" --specs=nano.specs -mfpu=fpv4-sp-d16 -mfloat-abi=hard -mthumb -o "Core/Src/fatfs_sd.o"
arm-none-eabi-gcc "../Core/Src/main(1).c" -mcpu=cortex-m4 -std=gnu11 -g3 -DUSE_HAL_DRIVER -DDEBUG -DSTM32F407xx -c -I../Core/Inc -I../Drivers/STM32F4xx_HAL_Driver/Inc -I../Drivers/STM32F4xx_HAL_Driver/Inc/Legacy -I../Drivers/CMSIS/Device/ST/STM32F4xx/Include -I../Drivers/CMSIS/Include -I../GUI/Inc -I../FATFS/Target -I../FATFS/App -I../Middlewares/Third_Party/FatFs/src -O0 -ffunction-sections -fdata-sections -Wall -fstack-usage -fcyclomatic-complexity -MMD -MP -MF"Core/Src/main(1).d" -MT"Core/Src/main(1).o" --specs=nano.specs -mfpu=fpv4-sp-d16 -mfloat-abi=hard -mthumb -o "Core/Src/main(1).o"
arm-none-eabi-gcc "../Core/Src/main.c" -mcpu=cortex-m4 -std=gnu11 -g3 -DUSE_HAL_DRIVER -DDEBUG -DSTM32F407xx -c -I../Core/Inc -I../Drivers/STM32F4xx_HAL_Driver/Inc -I../Drivers/STM32F4xx_HAL_Driver/Inc/Legacy -I../Drivers/CMSIS/Device/ST/STM32F4xx/Include -I../Drivers/CMSIS/Include -I../GUI/Inc -I../FATFS/Target -I../FATFS/App -I../Middlewares/Third_Party/FatFs/src -O0 -ffunction-sections -fdata-sections -Wall -fstack-usage -fcyclomatic-complexity -MMD -MP -MF"Core/Src/main.d" -MT"Core/Src/main.o" --specs=nano.specs -mfpu=fpv4-sp-d16 -mfloat-abi=hard -mthumb -o "Core/Src/main.o"
arm-none-eabi-gcc "../Core/Src/spi_flash(1).c" -mcpu=cortex-m4 -std=gnu11 -g3 -DUSE_HAL_DRIVER -DDEBUG -DSTM32F407xx -c -I../Core/Inc -I../Drivers/STM32F4xx_HAL_Driver/Inc -I../Drivers/STM32F4xx_HAL_Driver/Inc/Legacy -I../Drivers/CMSIS/Device/ST/STM32F4xx/Include -I../Drivers/CMSIS/Include -I../GUI/Inc -I../FATFS/Target -I../FATFS/App -I../Middlewares/Third_Party/FatFs/src -O0 -ffunction-sections -fdata-sections -Wall -fstack-usage -fcyclomatic-complexity -MMD -MP -MF"Core/Src/spi_flash(1).d" -MT"Core/Src/spi_flash(1).o" --specs=nano.specs -mfpu=fpv4-sp-d16 -mfloat-abi=hard -mthumb -o "Core/Src/spi_flash(1).o"
../Core/Src/spi_flash(1).c: In function 'SPI_Write_Byte':
../Core/Src/spi_flash(1).c:22:48: warning: pointer targets in passing argument 3 of 'HAL_SPI_TransmitReceive' differ in signedness [-Wpointer-sign]
   22 |         HAL_SPI_TransmitReceive(&hspi1, &data, &read_data, 1, 1);
      |                                                ^~~~~~~~~~
      |                                                |
      |                                                char *
In file included from ../Core/Inc/stm32f4xx_hal_conf.h:403,
                 from ../Drivers/STM32F4xx_HAL_Driver/Inc/stm32f4xx_hal.h:29,
                 from ../Core/Src/spi_flash(1).c:1:
../Drivers/STM32F4xx_HAL_Driver/Inc/stm32f4xx_hal_spi.h:676:101: note: expected 'uint8_t *' {aka 'unsigned char *'} but argument is of type 'char *'
  676 | HAL_StatusTypeDef HAL_SPI_TransmitReceive(SPI_HandleTypeDef *hspi, const uint8_t *pTxData, uint8_t *pRxData,
      |                                                                                            ~~~~~~~~~^~~~~~~
../Core/Src/main.c: In function 'main':
../Core/Src/main.c:142:41: warning: array subscript has type 'char' [-Wchar-subscripts]
  142 |       res = f_open(&ImgFile, file_name[i++], FA_OPEN_EXISTING | FA_READ);
      |                                        ~^~
../Core/Src/main(1).c: In function 'main':
../Core/Src/main(1).c:152:41: warning: array subscript has type 'char' [-Wchar-subscripts]
  152 |       res = f_open(&ImgFile, file_name[i++], FA_OPEN_EXISTING | FA_READ);
      |                                        ~^~
arm-none-eabi-gcc "../Core/Src/spi_flash.c" -mcpu=cortex-m4 -std=gnu11 -g3 -DUSE_HAL_DRIVER -DDEBUG -DSTM32F407xx -c -I../Core/Inc -I../Drivers/STM32F4xx_HAL_Driver/Inc -I../Drivers/STM32F4xx_HAL_Driver/Inc/Legacy -I../Drivers/CMSIS/Device/ST/STM32F4xx/Include -I../Drivers/CMSIS/Include -I../GUI/Inc -I../FATFS/Target -I../FATFS/App -I../Middlewares/Third_Party/FatFs/src -O0 -ffunction-sections -fdata-sections -Wall -fstack-usage -fcyclomatic-complexity -MMD -MP -MF"Core/Src/spi_flash.d" -MT"Core/Src/spi_flash.o" --specs=nano.specs -mfpu=fpv4-sp-d16 -mfloat-abi=hard -mthumb -o "Core/Src/spi_flash.o"
arm-none-eabi-gcc "../Core/Src/stm32f4xx_hal_msp(1).c" -mcpu=cortex-m4 -std=gnu11 -g3 -DUSE_HAL_DRIVER -DDEBUG -DSTM32F407xx -c -I../Core/Inc -I../Drivers/STM32F4xx_HAL_Driver/Inc -I../Drivers/STM32F4xx_HAL_Driver/Inc/Legacy -I../Drivers/CMSIS/Device/ST/STM32F4xx/Include -I../Drivers/CMSIS/Include -I../GUI/Inc -I../FATFS/Target -I../FATFS/App -I../Middlewares/Third_Party/FatFs/src -O0 -ffunction-sections -fdata-sections -Wall -fstack-usage -fcyclomatic-complexity -MMD -MP -MF"Core/Src/stm32f4xx_hal_msp(1).d" -MT"Core/Src/stm32f4xx_hal_msp(1).o" --specs=nano.specs -mfpu=fpv4-sp-d16 -mfloat-abi=hard -mthumb -o "Core/Src/stm32f4xx_hal_msp(1).o"
arm-none-eabi-gcc "../Core/Src/stm32f4xx_hal_msp.c" -mcpu=cortex-m4 -std=gnu11 -g3 -DUSE_HAL_DRIVER -DDEBUG -DSTM32F407xx -c -I../Core/Inc -I../Drivers/STM32F4xx_HAL_Driver/Inc -I../Drivers/STM32F4xx_HAL_Driver/Inc/Legacy -I../Drivers/CMSIS/Device/ST/STM32F4xx/Include -I../Drivers/CMSIS/Include -I../GUI/Inc -I../FATFS/Target -I../FATFS/App -I../Middlewares/Third_Party/FatFs/src -O0 -ffunction-sections -fdata-sections -Wall -fstack-usage -fcyclomatic-complexity -MMD -MP -MF"Core/Src/stm32f4xx_hal_msp.d" -MT"Core/Src/stm32f4xx_hal_msp.o" --specs=nano.specs -mfpu=fpv4-sp-d16 -mfloat-abi=hard -mthumb -o "Core/Src/stm32f4xx_hal_msp.o"
arm-none-eabi-gcc "../Core/Src/stm32f4xx_it(1).c" -mcpu=cortex-m4 -std=gnu11 -g3 -DUSE_HAL_DRIVER -DDEBUG -DSTM32F407xx -c -I../Core/Inc -I../Drivers/STM32F4xx_HAL_Driver/Inc -I../Drivers/STM32F4xx_HAL_Driver/Inc/Legacy -I../Drivers/CMSIS/Device/ST/STM32F4xx/Include -I../Drivers/CMSIS/Include -I../GUI/Inc -I../FATFS/Target -I../FATFS/App -I../Middlewares/Third_Party/FatFs/src -O0 -ffunction-sections -fdata-sections -Wall -fstack-usage -fcyclomatic-complexity -MMD -MP -MF"Core/Src/stm32f4xx_it(1).d" -MT"Core/Src/stm32f4xx_it(1).o" --specs=nano.specs -mfpu=fpv4-sp-d16 -mfloat-abi=hard -mthumb -o "Core/Src/stm32f4xx_it(1).o"
arm-none-eabi-gcc "../Core/Src/stm32f4xx_it.c" -mcpu=cortex-m4 -std=gnu11 -g3 -DUSE_HAL_DRIVER -DDEBUG -DSTM32F407xx -c -I../Core/Inc -I../Drivers/STM32F4xx_HAL_Driver/Inc -I../Drivers/STM32F4xx_HAL_Driver/Inc/Legacy -I../Drivers/CMSIS/Device/ST/STM32F4xx/Include -I../Drivers/CMSIS/Include -I../GUI/Inc -I../FATFS/Target -I../FATFS/App -I../Middlewares/Third_Party/FatFs/src -O0 -ffunction-sections -fdata-sections -Wall -fstack-usage -fcyclomatic-complexity -MMD -MP -MF"Core/Src/stm32f4xx_it.d" -MT"Core/Src/stm32f4xx_it.o" --specs=nano.specs -mfpu=fpv4-sp-d16 -mfloat-abi=hard -mthumb -o "Core/Src/stm32f4xx_it.o"
arm-none-eabi-gcc "../Core/Src/syscalls(1).c" -mcpu=cortex-m4 -std=gnu11 -g3 -DUSE_HAL_DRIVER -DDEBUG -DSTM32F407xx -c -I../Core/Inc -I../Drivers/STM32F4xx_HAL_Driver/Inc -I../Drivers/STM32F4xx_HAL_Driver/Inc/Legacy -I../Drivers/CMSIS/Device/ST/STM32F4xx/Include -I../Drivers/CMSIS/Include -I../GUI/Inc -I../FATFS/Target -I../FATFS/App -I../Middlewares/Third_Party/FatFs/src -O0 -ffunction-sections -fdata-sections -Wall -fstack-usage -fcyclomatic-complexity -MMD -MP -MF"Core/Src/syscalls(1).d" -MT"Core/Src/syscalls(1).o" --specs=nano.specs -mfpu=fpv4-sp-d16 -mfloat-abi=hard -mthumb -o "Core/Src/syscalls(1).o"
arm-none-eabi-gcc "../Core/Src/syscalls.c" -mcpu=cortex-m4 -std=gnu11 -g3 -DUSE_HAL_DRIVER -DDEBUG -DSTM32F407xx -c -I../Core/Inc -I../Drivers/STM32F4xx_HAL_Driver/Inc -I../Drivers/STM32F4xx_HAL_Driver/Inc/Legacy -I../Drivers/CMSIS/Device/ST/STM32F4xx/Include -I../Drivers/CMSIS/Include -I../GUI/Inc -I../FATFS/Target -I../FATFS/App -I../Middlewares/Third_Party/FatFs/src -O0 -ffunction-sections -fdata-sections -Wall -fstack-usage -fcyclomatic-complexity -MMD -MP -MF"Core/Src/syscalls.d" -MT"Core/Src/syscalls.o" --specs=nano.specs -mfpu=fpv4-sp-d16 -mfloat-abi=hard -mthumb -o "Core/Src/syscalls.o"
arm-none-eabi-gcc "../Core/Src/sysmem(1).c" -mcpu=cortex-m4 -std=gnu11 -g3 -DUSE_HAL_DRIVER -DDEBUG -DSTM32F407xx -c -I../Core/Inc -I../Drivers/STM32F4xx_HAL_Driver/Inc -I../Drivers/STM32F4xx_HAL_Driver/Inc/Legacy -I../Drivers/CMSIS/Device/ST/STM32F4xx/Include -I../Drivers/CMSIS/Include -I../GUI/Inc -I../FATFS/Target -I../FATFS/App -I../Middlewares/Third_Party/FatFs/src -O0 -ffunction-sections -fdata-sections -Wall -fstack-usage -fcyclomatic-complexity -MMD -MP -MF"Core/Src/sysmem(1).d" -MT"Core/Src/sysmem(1).o" --specs=nano.specs -mfpu=fpv4-sp-d16 -mfloat-abi=hard -mthumb -o "Core/Src/sysmem(1).o"
arm-none-eabi-gcc "../Core/Src/sysmem.c" -mcpu=cortex-m4 -std=gnu11 -g3 -DUSE_HAL_DRIVER -DDEBUG -DSTM32F407xx -c -I../Core/Inc -I../Drivers/STM32F4xx_HAL_Driver/Inc -I../Drivers/STM32F4xx_HAL_Driver/Inc/Legacy -I../Drivers/CMSIS/Device/ST/STM32F4xx/Include -I../Drivers/CMSIS/Include -I../GUI/Inc -I../FATFS/Target -I../FATFS/App -I../Middlewares/Third_Party/FatFs/src -O0 -ffunction-sections -fdata-sections -Wall -fstack-usage -fcyclomatic-complexity -MMD -MP -MF"Core/Src/sysmem.d" -MT"Core/Src/sysmem.o" --specs=nano.specs -mfpu=fpv4-sp-d16 -mfloat-abi=hard -mthumb -o "Core/Src/sysmem.o"
arm-none-eabi-gcc "../Core/Src/system_stm32f4xx(1).c" -mcpu=cortex-m4 -std=gnu11 -g3 -DUSE_HAL_DRIVER -DDEBUG -DSTM32F407xx -c -I../Core/Inc -I../Drivers/STM32F4xx_HAL_Driver/Inc -I../Drivers/STM32F4xx_HAL_Driver/Inc/Legacy -I../Drivers/CMSIS/Device/ST/STM32F4xx/Include -I../Drivers/CMSIS/Include -I../GUI/Inc -I../FATFS/Target -I../FATFS/App -I../Middlewares/Third_Party/FatFs/src -O0 -ffunction-sections -fdata-sections -Wall -fstack-usage -fcyclomatic-complexity -MMD -MP -MF"Core/Src/system_stm32f4xx(1).d" -MT"Core/Src/system_stm32f4xx(1).o" --specs=nano.specs -mfpu=fpv4-sp-d16 -mfloat-abi=hard -mthumb -o "Core/Src/system_stm32f4xx(1).o"
arm-none-eabi-gcc "../Core/Src/system_stm32f4xx.c" -mcpu=cortex-m4 -std=gnu11 -g3 -DUSE_HAL_DRIVER -DDEBUG -DSTM32F407xx -c -I../Core/Inc -I../Drivers/STM32F4xx_HAL_Driver/Inc -I../Drivers/STM32F4xx_HAL_Driver/Inc/Legacy -I../Drivers/CMSIS/Device/ST/STM32F4xx/Include -I../Drivers/CMSIS/Include -I../GUI/Inc -I../FATFS/Target -I../FATFS/App -I../Middlewares/Third_Party/FatFs/src -O0 -ffunction-sections -fdata-sections -Wall -fstack-usage -fcyclomatic-complexity -MMD -MP -MF"Core/Src/system_stm32f4xx.d" -MT"Core/Src/system_stm32f4xx.o" --specs=nano.specs -mfpu=fpv4-sp-d16 -mfloat-abi=hard -mthumb -o "Core/Src/system_stm32f4xx.o"
../Core/Src/spi_flash.c: In function 'SPI_Write_Byte':
../Core/Src/spi_flash.c:22:48: warning: pointer targets in passing argument 3 of 'HAL_SPI_TransmitReceive' differ in signedness [-Wpointer-sign]
   22 |         HAL_SPI_TransmitReceive(&hspi1, &data, &read_data, 1, 1);
      |                                                ^~~~~~~~~~
      |                                                |
      |                                                char *
In file included from ../Core/Inc/stm32f4xx_hal_conf.h:403,
                 from ../Drivers/STM32F4xx_HAL_Driver/Inc/stm32f4xx_hal.h:29,
                 from ../Core/Src/spi_flash.c:1:
../Drivers/STM32F4xx_HAL_Driver/Inc/stm32f4xx_hal_spi.h:676:101: note: expected 'uint8_t *' {aka 'unsigned char *'} but argument is of type 'char *'
  676 | HAL_StatusTypeDef HAL_SPI_TransmitReceive(SPI_HandleTypeDef *hspi, const uint8_t *pTxData, uint8_t *pRxData,
      |                                                                                            ~~~~~~~~~^~~~~~~
arm-none-eabi-gcc -o "STM32_ILI9341_EMWIN_FATFS.elf" @"objects.list"  -l:libSTemWin.a -mcpu=cortex-m4 -T"C:\Users\hfk47\Desktop\STM32_ILI9341_EMWIN_FATFS\STM32F407VGTX_FLASH.ld" --specs=nosys.specs -Wl,-Map="STM32_ILI9341_EMWIN_FATFS.map" -Wl,--gc-sections -static -L../GUI/Lib --specs=nano.specs -mfpu=fpv4-sp-d16 -mfloat-abi=hard -mthumb -Wl,--start-group -lc -lm -Wl,--end-group
C:/ST/STM32CubeIDE_1.18.1/STM32CubeIDE/plugins/com.st.stm32cube.ide.mcu.externaltools.gnu-tools-for-stm32.13.3.rel1.win32_1.0.0.202411081344/tools/bin/../lib/gcc/arm-none-eabi/13.3.1/../../../../arm-none-eabi/bin/ld.exe: ./Core/Src/GUIConf.o: in function `GUI_X_Config':
C:/Users/hfk47/Desktop/STM32_ILI9341_EMWIN_FATFS/Debug/../Core/Src/GUIConf.c:81: multiple definition of `GUI_X_Config'; ./Core/Src/GUIConf(1).o:C:/Users/hfk47/Desktop/STM32_ILI9341_EMWIN_FATFS/Debug/../Core/Src/GUIConf(1).c:81: first defined here
C:/ST/STM32CubeIDE_1.18.1/STM32CubeIDE/plugins/com.st.stm32cube.ide.mcu.externaltools.gnu-tools-for-stm32.13.3.rel1.win32_1.0.0.202411081344/tools/bin/../lib/gcc/arm-none-eabi/13.3.1/../../../../arm-none-eabi/bin/ld.exe: ./Core/Src/GUI_X.o:C:/Users/hfk47/Desktop/STM32_ILI9341_EMWIN_FATFS/Debug/../Core/Src/GUI_X.c:60: multiple definition of `OS_TimeMS'; ./Core/Src/GUI_X(1).o:C:/Users/hfk47/Desktop/STM32_ILI9341_EMWIN_FATFS/Debug/../Core/Src/GUI_X(1).c:60: first defined here
C:/ST/STM32CubeIDE_1.18.1/STM32CubeIDE/plugins/com.st.stm32cube.ide.mcu.externaltools.gnu-tools-for-stm32.13.3.rel1.win32_1.0.0.202411081344/tools/bin/../lib/gcc/arm-none-eabi/13.3.1/../../../../arm-none-eabi/bin/ld.exe: ./Core/Src/GUI_X.o: in function `GUI_X_GetTime':
C:/Users/hfk47/Desktop/STM32_ILI9341_EMWIN_FATFS/Debug/../Core/Src/GUI_X.c:73: multiple definition of `GUI_X_GetTime'; ./Core/Src/GUI_X(1).o:C:/Users/hfk47/Desktop/STM32_ILI9341_EMWIN_FATFS/Debug/../Core/Src/GUI_X(1).c:73: first defined here
C:/ST/STM32CubeIDE_1.18.1/STM32CubeIDE/plugins/com.st.stm32cube.ide.mcu.externaltools.gnu-tools-for-stm32.13.3.rel1.win32_1.0.0.202411081344/tools/bin/../lib/gcc/arm-none-eabi/13.3.1/../../../../arm-none-eabi/bin/ld.exe: ./Core/Src/GUI_X.o: in function `GUI_X_Delay':
C:/Users/hfk47/Desktop/STM32_ILI9341_EMWIN_FATFS/Debug/../Core/Src/GUI_X.c:77: multiple definition of `GUI_X_Delay'; ./Core/Src/GUI_X(1).o:C:/Users/hfk47/Desktop/STM32_ILI9341_EMWIN_FATFS/Debug/../Core/Src/GUI_X(1).c:77: first defined here
C:/ST/STM32CubeIDE_1.18.1/STM32CubeIDE/plugins/com.st.stm32cube.ide.mcu.externaltools.gnu-tools-for-stm32.13.3.rel1.win32_1.0.0.202411081344/tools/bin/../lib/gcc/arm-none-eabi/13.3.1/../../../../arm-none-eabi/bin/ld.exe: ./Core/Src/GUI_X.o: in function `GUI_X_Init':
C:/Users/hfk47/Desktop/STM32_ILI9341_EMWIN_FATFS/Debug/../Core/Src/GUI_X.c:92: multiple definition of `GUI_X_Init'; ./Core/Src/GUI_X(1).o:C:/Users/hfk47/Desktop/STM32_ILI9341_EMWIN_FATFS/Debug/../Core/Src/GUI_X(1).c:92: first defined here
C:/ST/STM32CubeIDE_1.18.1/STM32CubeIDE/plugins/com.st.stm32cube.ide.mcu.externaltools.gnu-tools-for-stm32.13.3.rel1.win32_1.0.0.202411081344/tools/bin/../lib/gcc/arm-none-eabi/13.3.1/../../../../arm-none-eabi/bin/ld.exe: ./Core/Src/GUI_X.o: in function `GUI_X_ExecIdle':
C:/Users/hfk47/Desktop/STM32_ILI9341_EMWIN_FATFS/Debug/../Core/Src/GUI_X.c:103: multiple definition of `GUI_X_ExecIdle'; ./Core/Src/GUI_X(1).o:C:/Users/hfk47/Desktop/STM32_ILI9341_EMWIN_FATFS/Debug/../Core/Src/GUI_X(1).c:103: first defined here
C:/ST/STM32CubeIDE_1.18.1/STM32CubeIDE/plugins/com.st.stm32cube.ide.mcu.externaltools.gnu-tools-for-stm32.13.3.rel1.win32_1.0.0.202411081344/tools/bin/../lib/gcc/arm-none-eabi/13.3.1/../../../../arm-none-eabi/bin/ld.exe: ./Core/Src/GUI_X.o: in function `GUI_X_Log':
C:/Users/hfk47/Desktop/STM32_ILI9341_EMWIN_FATFS/Debug/../Core/Src/GUI_X.c:119: multiple definition of `GUI_X_Log'; ./Core/Src/GUI_X(1).o:C:/Users/hfk47/Desktop/STM32_ILI9341_EMWIN_FATFS/Debug/../Core/Src/GUI_X(1).c:119: first defined here
C:/ST/STM32CubeIDE_1.18.1/STM32CubeIDE/plugins/com.st.stm32cube.ide.mcu.externaltools.gnu-tools-for-stm32.13.3.rel1.win32_1.0.0.202411081344/tools/bin/../lib/gcc/arm-none-eabi/13.3.1/../../../../arm-none-eabi/bin/ld.exe: ./Core/Src/GUI_X.o: in function `GUI_X_Warn':
C:/Users/hfk47/Desktop/STM32_ILI9341_EMWIN_FATFS/Debug/../Core/Src/GUI_X.c:120: multiple definition of `GUI_X_Warn'; ./Core/Src/GUI_X(1).o:C:/Users/hfk47/Desktop/STM32_ILI9341_EMWIN_FATFS/Debug/../Core/Src/GUI_X(1).c:120: first defined here
C:/ST/STM32CubeIDE_1.18.1/STM32CubeIDE/plugins/com.st.stm32cube.ide.mcu.externaltools.gnu-tools-for-stm32.13.3.rel1.win32_1.0.0.202411081344/tools/bin/../lib/gcc/arm-none-eabi/13.3.1/../../../../arm-none-eabi/bin/ld.exe: ./Core/Src/GUI_X.o: in function `GUI_X_ErrorOut':
C:/Users/hfk47/Desktop/STM32_ILI9341_EMWIN_FATFS/Debug/../Core/Src/GUI_X.c:121: multiple definition of `GUI_X_ErrorOut'; ./Core/Src/GUI_X(1).o:C:/Users/hfk47/Desktop/STM32_ILI9341_EMWIN_FATFS/Debug/../Core/Src/GUI_X(1).c:121: first defined here
C:/ST/STM32CubeIDE_1.18.1/STM32CubeIDE/plugins/com.st.stm32cube.ide.mcu.externaltools.gnu-tools-for-stm32.13.3.rel1.win32_1.0.0.202411081344/tools/bin/../lib/gcc/arm-none-eabi/13.3.1/../../../../arm-none-eabi/bin/ld.exe: ./Core/Src/LCDConf_FlexColor.o: in function `LcdInit':
C:/Users/hfk47/Desktop/STM32_ILI9341_EMWIN_FATFS/Debug/../Core/Src/LCDConf_FlexColor.c:176: multiple definition of `LcdInit'; ./Core/Src/LCDConf_FlexColor(1).o:C:/Users/hfk47/Desktop/STM32_ILI9341_EMWIN_FATFS/Debug/../Core/Src/LCDConf_FlexColor(1).c:176: first defined here
C:/ST/STM32CubeIDE_1.18.1/STM32CubeIDE/plugins/com.st.stm32cube.ide.mcu.externaltools.gnu-tools-for-stm32.13.3.rel1.win32_1.0.0.202411081344/tools/bin/../lib/gcc/arm-none-eabi/13.3.1/../../../../arm-none-eabi/bin/ld.exe: ./Core/Src/LCDConf_FlexColor.o: in function `LCD_X_Config':
C:/Users/hfk47/Desktop/STM32_ILI9341_EMWIN_FATFS/Debug/../Core/Src/LCDConf_FlexColor.c:331: multiple definition of `LCD_X_Config'; ./Core/Src/LCDConf_FlexColor(1).o:C:/Users/hfk47/Desktop/STM32_ILI9341_EMWIN_FATFS/Debug/../Core/Src/LCDConf_FlexColor(1).c:331: first defined here
C:/ST/STM32CubeIDE_1.18.1/STM32CubeIDE/plugins/com.st.stm32cube.ide.mcu.externaltools.gnu-tools-for-stm32.13.3.rel1.win32_1.0.0.202411081344/tools/bin/../lib/gcc/arm-none-eabi/13.3.1/../../../../arm-none-eabi/bin/ld.exe: ./Core/Src/LCDConf_FlexColor.o: in function `LCD_X_DisplayDriver':
C:/Users/hfk47/Desktop/STM32_ILI9341_EMWIN_FATFS/Debug/../Core/Src/LCDConf_FlexColor.c:382: multiple definition of `LCD_X_DisplayDriver'; ./Core/Src/LCDConf_FlexColor(1).o:C:/Users/hfk47/Desktop/STM32_ILI9341_EMWIN_FATFS/Debug/../Core/Src/LCDConf_FlexColor(1).c:382: first defined here
C:/ST/STM32CubeIDE_1.18.1/STM32CubeIDE/plugins/com.st.stm32cube.ide.mcu.externaltools.gnu-tools-for-stm32.13.3.rel1.win32_1.0.0.202411081344/tools/bin/../lib/gcc/arm-none-eabi/13.3.1/../../../../arm-none-eabi/bin/ld.exe: ./Core/Src/fatfs_sd.o:C:/Users/hfk47/Desktop/STM32_ILI9341_EMWIN_FATFS/Debug/../Core/Src/fatfs_sd.c:10: multiple definition of `Timer1'; ./Core/Src/fatfs_sd(1).o:C:/Users/hfk47/Desktop/STM32_ILI9341_EMWIN_FATFS/Debug/../Core/Src/fatfs_sd(1).c:10: first defined here
C:/ST/STM32CubeIDE_1.18.1/STM32CubeIDE/plugins/com.st.stm32cube.ide.mcu.externaltools.gnu-tools-for-stm32.13.3.rel1.win32_1.0.0.202411081344/tools/bin/../lib/gcc/arm-none-eabi/13.3.1/../../../../arm-none-eabi/bin/ld.exe: ./Core/Src/fatfs_sd.o:C:/Users/hfk47/Desktop/STM32_ILI9341_EMWIN_FATFS/Debug/../Core/Src/fatfs_sd.c:10: multiple definition of `Timer2'; ./Core/Src/fatfs_sd(1).o:C:/Users/hfk47/Desktop/STM32_ILI9341_EMWIN_FATFS/Debug/../Core/Src/fatfs_sd(1).c:10: first defined here
C:/ST/STM32CubeIDE_1.18.1/STM32CubeIDE/plugins/com.st.stm32cube.ide.mcu.externaltools.gnu-tools-for-stm32.13.3.rel1.win32_1.0.0.202411081344/tools/bin/../lib/gcc/arm-none-eabi/13.3.1/../../../../arm-none-eabi/bin/ld.exe: ./Core/Src/fatfs_sd.o: in function `SD_disk_initialize':
C:/Users/hfk47/Desktop/STM32_ILI9341_EMWIN_FATFS/Debug/../Core/Src/fatfs_sd.c:248: multiple definition of `SD_disk_initialize'; ./Core/Src/fatfs_sd(1).o:C:/Users/hfk47/Desktop/STM32_ILI9341_EMWIN_FATFS/Debug/../Core/Src/fatfs_sd(1).c:248: first defined here
C:/ST/STM32CubeIDE_1.18.1/STM32CubeIDE/plugins/com.st.stm32cube.ide.mcu.externaltools.gnu-tools-for-stm32.13.3.rel1.win32_1.0.0.202411081344/tools/bin/../lib/gcc/arm-none-eabi/13.3.1/../../../../arm-none-eabi/bin/ld.exe: ./Core/Src/fatfs_sd.o: in function `SD_disk_status':
C:/Users/hfk47/Desktop/STM32_ILI9341_EMWIN_FATFS/Debug/../Core/Src/fatfs_sd.c:348: multiple definition of `SD_disk_status'; ./Core/Src/fatfs_sd(1).o:C:/Users/hfk47/Desktop/STM32_ILI9341_EMWIN_FATFS/Debug/../Core/Src/fatfs_sd(1).c:348: first defined here
C:/ST/STM32CubeIDE_1.18.1/STM32CubeIDE/plugins/com.st.stm32cube.ide.mcu.externaltools.gnu-tools-for-stm32.13.3.rel1.win32_1.0.0.202411081344/tools/bin/../lib/gcc/arm-none-eabi/13.3.1/../../../../arm-none-eabi/bin/ld.exe: ./Core/Src/fatfs_sd.o: in function `SD_disk_read':
C:/Users/hfk47/Desktop/STM32_ILI9341_EMWIN_FATFS/Debug/../Core/Src/fatfs_sd.c:355: multiple definition of `SD_disk_read'; ./Core/Src/fatfs_sd(1).o:C:/Users/hfk47/Desktop/STM32_ILI9341_EMWIN_FATFS/Debug/../Core/Src/fatfs_sd(1).c:355: first defined here
C:/ST/STM32CubeIDE_1.18.1/STM32CubeIDE/plugins/com.st.stm32cube.ide.mcu.externaltools.gnu-tools-for-stm32.13.3.rel1.win32_1.0.0.202411081344/tools/bin/../lib/gcc/arm-none-eabi/13.3.1/../../../../arm-none-eabi/bin/ld.exe: ./Core/Src/fatfs_sd.o: in function `SD_disk_write':
C:/Users/hfk47/Desktop/STM32_ILI9341_EMWIN_FATFS/Debug/../Core/Src/fatfs_sd.c:397: multiple definition of `SD_disk_write'; ./Core/Src/fatfs_sd(1).o:C:/Users/hfk47/Desktop/STM32_ILI9341_EMWIN_FATFS/Debug/../Core/Src/fatfs_sd(1).c:397: first defined here
C:/ST/STM32CubeIDE_1.18.1/STM32CubeIDE/plugins/com.st.stm32cube.ide.mcu.externaltools.gnu-tools-for-stm32.13.3.rel1.win32_1.0.0.202411081344/tools/bin/../lib/gcc/arm-none-eabi/13.3.1/../../../../arm-none-eabi/bin/ld.exe: ./Core/Src/fatfs_sd.o: in function `SD_disk_ioctl':
C:/Users/hfk47/Desktop/STM32_ILI9341_EMWIN_FATFS/Debug/../Core/Src/fatfs_sd.c:452: multiple definition of `SD_disk_ioctl'; ./Core/Src/fatfs_sd(1).o:C:/Users/hfk47/Desktop/STM32_ILI9341_EMWIN_FATFS/Debug/../Core/Src/fatfs_sd(1).c:452: first defined here
C:/ST/STM32CubeIDE_1.18.1/STM32CubeIDE/plugins/com.st.stm32cube.ide.mcu.externaltools.gnu-tools-for-stm32.13.3.rel1.win32_1.0.0.202411081344/tools/bin/../lib/gcc/arm-none-eabi/13.3.1/../../../../arm-none-eabi/bin/ld.exe: ./Core/Src/main.o:C:/Users/hfk47/Desktop/STM32_ILI9341_EMWIN_FATFS/Debug/../Core/Src/main.c:44: multiple definition of `hcrc'; ./Core/Src/main(1).o:C:/Users/hfk47/Desktop/STM32_ILI9341_EMWIN_FATFS/Debug/../Core/Src/main(1).c:45: first defined here
C:/ST/STM32CubeIDE_1.18.1/STM32CubeIDE/plugins/com.st.stm32cube.ide.mcu.externaltools.gnu-tools-for-stm32.13.3.rel1.win32_1.0.0.202411081344/tools/bin/../lib/gcc/arm-none-eabi/13.3.1/../../../../arm-none-eabi/bin/ld.exe: ./Core/Src/main.o:C:/Users/hfk47/Desktop/STM32_ILI9341_EMWIN_FATFS/Debug/../Core/Src/main.c:46: multiple definition of `hspi1'; ./Core/Src/main(1).o:C:/Users/hfk47/Desktop/STM32_ILI9341_EMWIN_FATFS/Debug/../Core/Src/main(1).c:47: first defined here
C:/ST/STM32CubeIDE_1.18.1/STM32CubeIDE/plugins/com.st.stm32cube.ide.mcu.externaltools.gnu-tools-for-stm32.13.3.rel1.win32_1.0.0.202411081344/tools/bin/../lib/gcc/arm-none-eabi/13.3.1/../../../../arm-none-eabi/bin/ld.exe: ./Core/Src/main.o:C:/Users/hfk47/Desktop/STM32_ILI9341_EMWIN_FATFS/Debug/../Core/Src/main.c:47: multiple definition of `hspi2'; ./Core/Src/main(1).o:C:/Users/hfk47/Desktop/STM32_ILI9341_EMWIN_FATFS/Debug/../Core/Src/main(1).c:48: first defined here
C:/ST/STM32CubeIDE_1.18.1/STM32CubeIDE/plugins/com.st.stm32cube.ide.mcu.externaltools.gnu-tools-for-stm32.13.3.rel1.win32_1.0.0.202411081344/tools/bin/../lib/gcc/arm-none-eabi/13.3.1/../../../../arm-none-eabi/bin/ld.exe: ./Core/Src/main.o:C:/Users/hfk47/Desktop/STM32_ILI9341_EMWIN_FATFS/Debug/../Core/Src/main.c:50: multiple definition of `fileSystem'; ./Core/Src/main(1).o:C:/Users/hfk47/Desktop/STM32_ILI9341_EMWIN_FATFS/Debug/../Core/Src/main(1).c:51: first defined here
C:/ST/STM32CubeIDE_1.18.1/STM32CubeIDE/plugins/com.st.stm32cube.ide.mcu.externaltools.gnu-tools-for-stm32.13.3.rel1.win32_1.0.0.202411081344/tools/bin/../lib/gcc/arm-none-eabi/13.3.1/../../../../arm-none-eabi/bin/ld.exe: ./Core/Src/main.o:C:/Users/hfk47/Desktop/STM32_ILI9341_EMWIN_FATFS/Debug/../Core/Src/main.c:51: multiple definition of `ImgFile'; ./Core/Src/main(1).o:C:/Users/hfk47/Desktop/STM32_ILI9341_EMWIN_FATFS/Debug/../Core/Src/main(1).c:52: first defined here
C:/ST/STM32CubeIDE_1.18.1/STM32CubeIDE/plugins/com.st.stm32cube.ide.mcu.externaltools.gnu-tools-for-stm32.13.3.rel1.win32_1.0.0.202411081344/tools/bin/../lib/gcc/arm-none-eabi/13.3.1/../../../../arm-none-eabi/bin/ld.exe: ./Core/Src/main.o:C:/Users/hfk47/Desktop/STM32_ILI9341_EMWIN_FATFS/Debug/../Core/Src/main.c:52: multiple definition of `res'; ./Core/Src/main(1).o:C:/Users/hfk47/Desktop/STM32_ILI9341_EMWIN_FATFS/Debug/../Core/Src/main(1).c:53: first defined here
C:/ST/STM32CubeIDE_1.18.1/STM32CubeIDE/plugins/com.st.stm32cube.ide.mcu.externaltools.gnu-tools-for-stm32.13.3.rel1.win32_1.0.0.202411081344/tools/bin/../lib/gcc/arm-none-eabi/13.3.1/../../../../arm-none-eabi/bin/ld.exe: ./Core/Src/main.o:C:/Users/hfk47/Desktop/STM32_ILI9341_EMWIN_FATFS/Debug/../Core/Src/main.c:53: multiple definition of `_acBuffer'; ./Core/Src/main(1).o:C:/Users/hfk47/Desktop/STM32_ILI9341_EMWIN_FATFS/Debug/../Core/Src/main(1).c:54: first defined here
C:/ST/STM32CubeIDE_1.18.1/STM32CubeIDE/plugins/com.st.stm32cube.ide.mcu.externaltools.gnu-tools-for-stm32.13.3.rel1.win32_1.0.0.202411081344/tools/bin/../lib/gcc/arm-none-eabi/13.3.1/../../../../arm-none-eabi/bin/ld.exe: ./Core/Src/main.o:C:/Users/hfk47/Desktop/STM32_ILI9341_EMWIN_FATFS/Debug/../Core/Src/main.c:54: multiple definition of `i'; ./Core/Src/main(1).o:C:/Users/hfk47/Desktop/STM32_ILI9341_EMWIN_FATFS/Debug/../Core/Src/main(1).c:55: first defined here
C:/ST/STM32CubeIDE_1.18.1/STM32CubeIDE/plugins/com.st.stm32cube.ide.mcu.externaltools.gnu-tools-for-stm32.13.3.rel1.win32_1.0.0.202411081344/tools/bin/../lib/gcc/arm-none-eabi/13.3.1/../../../../arm-none-eabi/bin/ld.exe: ./Core/Src/main.o:C:/Users/hfk47/Desktop/STM32_ILI9341_EMWIN_FATFS/Debug/../Core/Src/main.c:55: multiple definition of `file_name'; ./Core/Src/main(1).o:C:/Users/hfk47/Desktop/STM32_ILI9341_EMWIN_FATFS/Debug/../Core/Src/main(1).c:56: first defined here
C:/ST/STM32CubeIDE_1.18.1/STM32CubeIDE/plugins/com.st.stm32cube.ide.mcu.externaltools.gnu-tools-for-stm32.13.3.rel1.win32_1.0.0.202411081344/tools/bin/../lib/gcc/arm-none-eabi/13.3.1/../../../../arm-none-eabi/bin/ld.exe: ./Core/Src/main.o: in function `main':
C:/Users/hfk47/Desktop/STM32_ILI9341_EMWIN_FATFS/Debug/../Core/Src/main.c:99: multiple definition of `main'; ./Core/Src/main(1).o:C:/Users/hfk47/Desktop/STM32_ILI9341_EMWIN_FATFS/Debug/../Core/Src/main(1).c:109: first defined here
C:/ST/STM32CubeIDE_1.18.1/STM32CubeIDE/plugins/com.st.stm32cube.ide.mcu.externaltools.gnu-tools-for-stm32.13.3.rel1.win32_1.0.0.202411081344/tools/bin/../lib/gcc/arm-none-eabi/13.3.1/../../../../arm-none-eabi/bin/ld.exe: ./Core/Src/main.o: in function `SystemClock_Config':
C:/Users/hfk47/Desktop/STM32_ILI9341_EMWIN_FATFS/Debug/../Core/Src/main.c:158: multiple definition of `SystemClock_Config'; ./Core/Src/main(1).o:C:/Users/hfk47/Desktop/STM32_ILI9341_EMWIN_FATFS/Debug/../Core/Src/main(1).c:168: first defined here
C:/ST/STM32CubeIDE_1.18.1/STM32CubeIDE/plugins/com.st.stm32cube.ide.mcu.externaltools.gnu-tools-for-stm32.13.3.rel1.win32_1.0.0.202411081344/tools/bin/../lib/gcc/arm-none-eabi/13.3.1/../../../../arm-none-eabi/bin/ld.exe: ./Core/Src/main.o: in function `Error_Handler':
C:/Users/hfk47/Desktop/STM32_ILI9341_EMWIN_FATFS/Debug/../Core/Src/main.c:352: multiple definition of `Error_Handler'; ./Core/Src/main(1).o:C:/Users/hfk47/Desktop/STM32_ILI9341_EMWIN_FATFS/Debug/../Core/Src/main(1).c:362: first defined here
C:/ST/STM32CubeIDE_1.18.1/STM32CubeIDE/plugins/com.st.stm32cube.ide.mcu.externaltools.gnu-tools-for-stm32.13.3.rel1.win32_1.0.0.202411081344/tools/bin/../lib/gcc/arm-none-eabi/13.3.1/../../../../arm-none-eabi/bin/ld.exe: ./Core/Src/spi_flash.o: in function `SPIFLASH_disk_initialize':
C:/Users/hfk47/Desktop/STM32_ILI9341_EMWIN_FATFS/Debug/../Core/Src/spi_flash.c:7: multiple definition of `SPIFLASH_disk_initialize'; ./Core/Src/spi_flash(1).o:C:/Users/hfk47/Desktop/STM32_ILI9341_EMWIN_FATFS/Debug/../Core/Src/spi_flash(1).c:7: first defined here
C:/ST/STM32CubeIDE_1.18.1/STM32CubeIDE/plugins/com.st.stm32cube.ide.mcu.externaltools.gnu-tools-for-stm32.13.3.rel1.win32_1.0.0.202411081344/tools/bin/../lib/gcc/arm-none-eabi/13.3.1/../../../../arm-none-eabi/bin/ld.exe: ./Core/Src/spi_flash.o: in function `SPI_Read_Byte':
C:/Users/hfk47/Desktop/STM32_ILI9341_EMWIN_FATFS/Debug/../Core/Src/spi_flash.c:14: multiple definition of `SPI_Read_Byte'; ./Core/Src/spi_flash(1).o:C:/Users/hfk47/Desktop/STM32_ILI9341_EMWIN_FATFS/Debug/../Core/Src/spi_flash(1).c:14: first defined here
C:/ST/STM32CubeIDE_1.18.1/STM32CubeIDE/plugins/com.st.stm32cube.ide.mcu.externaltools.gnu-tools-for-stm32.13.3.rel1.win32_1.0.0.202411081344/tools/bin/../lib/gcc/arm-none-eabi/13.3.1/../../../../arm-none-eabi/bin/ld.exe: ./Core/Src/spi_flash.o: in function `SPI_Write_Byte':
C:/Users/hfk47/Desktop/STM32_ILI9341_EMWIN_FATFS/Debug/../Core/Src/spi_flash.c:19: multiple definition of `SPI_Write_Byte'; ./Core/Src/spi_flash(1).o:C:/Users/hfk47/Desktop/STM32_ILI9341_EMWIN_FATFS/Debug/../Core/Src/spi_flash(1).c:19: first defined here
C:/ST/STM32CubeIDE_1.18.1/STM32CubeIDE/plugins/com.st.stm32cube.ide.mcu.externaltools.gnu-tools-for-stm32.13.3.rel1.win32_1.0.0.202411081344/tools/bin/../lib/gcc/arm-none-eabi/13.3.1/../../../../arm-none-eabi/bin/ld.exe: ./Core/Src/spi_flash.o: in function `W25X_GetChipID':
C:/Users/hfk47/Desktop/STM32_ILI9341_EMWIN_FATFS/Debug/../Core/Src/spi_flash.c:28: multiple definition of `W25X_GetChipID'; ./Core/Src/spi_flash(1).o:C:/Users/hfk47/Desktop/STM32_ILI9341_EMWIN_FATFS/Debug/../Core/Src/spi_flash(1).c:28: first defined here
C:/ST/STM32CubeIDE_1.18.1/STM32CubeIDE/plugins/com.st.stm32cube.ide.mcu.externaltools.gnu-tools-for-stm32.13.3.rel1.win32_1.0.0.202411081344/tools/bin/../lib/gcc/arm-none-eabi/13.3.1/../../../../arm-none-eabi/bin/ld.exe: ./Core/Src/spi_flash.o: in function `W25X_Read_StatusReg':
C:/Users/hfk47/Desktop/STM32_ILI9341_EMWIN_FATFS/Debug/../Core/Src/spi_flash.c:48: multiple definition of `W25X_Read_StatusReg'; ./Core/Src/spi_flash(1).o:C:/Users/hfk47/Desktop/STM32_ILI9341_EMWIN_FATFS/Debug/../Core/Src/spi_flash(1).c:48: first defined here
C:/ST/STM32CubeIDE_1.18.1/STM32CubeIDE/plugins/com.st.stm32cube.ide.mcu.externaltools.gnu-tools-for-stm32.13.3.rel1.win32_1.0.0.202411081344/tools/bin/../lib/gcc/arm-none-eabi/13.3.1/../../../../arm-none-eabi/bin/ld.exe: ./Core/Src/spi_flash.o: in function `W25X_Write_Enable':
C:/Users/hfk47/Desktop/STM32_ILI9341_EMWIN_FATFS/Debug/../Core/Src/spi_flash.c:68: multiple definition of `W25X_Write_Enable'; ./Core/Src/spi_flash(1).o:C:/Users/hfk47/Desktop/STM32_ILI9341_EMWIN_FATFS/Debug/../Core/Src/spi_flash(1).c:68: first defined here
C:/ST/STM32CubeIDE_1.18.1/STM32CubeIDE/plugins/com.st.stm32cube.ide.mcu.externaltools.gnu-tools-for-stm32.13.3.rel1.win32_1.0.0.202411081344/tools/bin/../lib/gcc/arm-none-eabi/13.3.1/../../../../arm-none-eabi/bin/ld.exe: ./Core/Src/spi_flash.o: in function `W25X_Wait_Busy':
C:/Users/hfk47/Desktop/STM32_ILI9341_EMWIN_FATFS/Debug/../Core/Src/spi_flash.c:84: multiple definition of `W25X_Wait_Busy'; ./Core/Src/spi_flash(1).o:C:/Users/hfk47/Desktop/STM32_ILI9341_EMWIN_FATFS/Debug/../Core/Src/spi_flash(1).c:84: first defined here
C:/ST/STM32CubeIDE_1.18.1/STM32CubeIDE/plugins/com.st.stm32cube.ide.mcu.externaltools.gnu-tools-for-stm32.13.3.rel1.win32_1.0.0.202411081344/tools/bin/../lib/gcc/arm-none-eabi/13.3.1/../../../../arm-none-eabi/bin/ld.exe: ./Core/Src/spi_flash.o: in function `W25X_Erase_Sector':
C:/Users/hfk47/Desktop/STM32_ILI9341_EMWIN_FATFS/Debug/../Core/Src/spi_flash.c:91: multiple definition of `W25X_Erase_Sector'; ./Core/Src/spi_flash(1).o:C:/Users/hfk47/Desktop/STM32_ILI9341_EMWIN_FATFS/Debug/../Core/Src/spi_flash(1).c:91: first defined here
C:/ST/STM32CubeIDE_1.18.1/STM32CubeIDE/plugins/com.st.stm32cube.ide.mcu.externaltools.gnu-tools-for-stm32.13.3.rel1.win32_1.0.0.202411081344/tools/bin/../lib/gcc/arm-none-eabi/13.3.1/../../../../arm-none-eabi/bin/ld.exe: ./Core/Src/spi_flash.o: in function `W25X_Erase_Block':
C:/Users/hfk47/Desktop/STM32_ILI9341_EMWIN_FATFS/Debug/../Core/Src/spi_flash.c:108: multiple definition of `W25X_Erase_Block'; ./Core/Src/spi_flash(1).o:C:/Users/hfk47/Desktop/STM32_ILI9341_EMWIN_FATFS/Debug/../Core/Src/spi_flash(1).c:108: first defined here
C:/ST/STM32CubeIDE_1.18.1/STM32CubeIDE/plugins/com.st.stm32cube.ide.mcu.externaltools.gnu-tools-for-stm32.13.3.rel1.win32_1.0.0.202411081344/tools/bin/../lib/gcc/arm-none-eabi/13.3.1/../../../../arm-none-eabi/bin/ld.exe: ./Core/Src/spi_flash.o: in function `W25X_Erase_Chip':
C:/Users/hfk47/Desktop/STM32_ILI9341_EMWIN_FATFS/Debug/../Core/Src/spi_flash.c:125: multiple definition of `W25X_Erase_Chip'; ./Core/Src/spi_flash(1).o:C:/Users/hfk47/Desktop/STM32_ILI9341_EMWIN_FATFS/Debug/../Core/Src/spi_flash(1).c:125: first defined here
C:/ST/STM32CubeIDE_1.18.1/STM32CubeIDE/plugins/com.st.stm32cube.ide.mcu.externaltools.gnu-tools-for-stm32.13.3.rel1.win32_1.0.0.202411081344/tools/bin/../lib/gcc/arm-none-eabi/13.3.1/../../../../arm-none-eabi/bin/ld.exe: ./Core/Src/spi_flash.o: in function `W25X_Read_Bytes':
C:/Users/hfk47/Desktop/STM32_ILI9341_EMWIN_FATFS/Debug/../Core/Src/spi_flash.c:139: multiple definition of `W25X_Read_Bytes'; ./Core/Src/spi_flash(1).o:C:/Users/hfk47/Desktop/STM32_ILI9341_EMWIN_FATFS/Debug/../Core/Src/spi_flash(1).c:139: first defined here
C:/ST/STM32CubeIDE_1.18.1/STM32CubeIDE/plugins/com.st.stm32cube.ide.mcu.externaltools.gnu-tools-for-stm32.13.3.rel1.win32_1.0.0.202411081344/tools/bin/../lib/gcc/arm-none-eabi/13.3.1/../../../../arm-none-eabi/bin/ld.exe: ./Core/Src/spi_flash.o: in function `W25X_Read_Sector':
C:/Users/hfk47/Desktop/STM32_ILI9341_EMWIN_FATFS/Debug/../Core/Src/spi_flash.c:157: multiple definition of `W25X_Read_Sector'; ./Core/Src/spi_flash(1).o:C:/Users/hfk47/Desktop/STM32_ILI9341_EMWIN_FATFS/Debug/../Core/Src/spi_flash(1).c:157: first defined here
C:/ST/STM32CubeIDE_1.18.1/STM32CubeIDE/plugins/com.st.stm32cube.ide.mcu.externaltools.gnu-tools-for-stm32.13.3.rel1.win32_1.0.0.202411081344/tools/bin/../lib/gcc/arm-none-eabi/13.3.1/../../../../arm-none-eabi/bin/ld.exe: ./Core/Src/spi_flash.o: in function `W25X_Write_Sector':
C:/Users/hfk47/Desktop/STM32_ILI9341_EMWIN_FATFS/Debug/../Core/Src/spi_flash.c:199: multiple definition of `W25X_Write_Sector'; ./Core/Src/spi_flash(1).o:C:/Users/hfk47/Desktop/STM32_ILI9341_EMWIN_FATFS/Debug/../Core/Src/spi_flash(1).c:199: first defined here
C:/ST/STM32CubeIDE_1.18.1/STM32CubeIDE/plugins/com.st.stm32cube.ide.mcu.externaltools.gnu-tools-for-stm32.13.3.rel1.win32_1.0.0.202411081344/tools/bin/../lib/gcc/arm-none-eabi/13.3.1/../../../../arm-none-eabi/bin/ld.exe: ./Core/Src/stm32f4xx_hal_msp.o: in function `HAL_MspInit':
C:/Users/hfk47/Desktop/STM32_ILI9341_EMWIN_FATFS/Debug/../Core/Src/stm32f4xx_hal_msp.c:65: multiple definition of `HAL_MspInit'; ./Core/Src/stm32f4xx_hal_msp(1).o:C:/Users/hfk47/Desktop/STM32_ILI9341_EMWIN_FATFS/Debug/../Core/Src/stm32f4xx_hal_msp(1).c:65: first defined here
C:/ST/STM32CubeIDE_1.18.1/STM32CubeIDE/plugins/com.st.stm32cube.ide.mcu.externaltools.gnu-tools-for-stm32.13.3.rel1.win32_1.0.0.202411081344/tools/bin/../lib/gcc/arm-none-eabi/13.3.1/../../../../arm-none-eabi/bin/ld.exe: ./Core/Src/stm32f4xx_hal_msp.o: in function `HAL_CRC_MspInit':
C:/Users/hfk47/Desktop/STM32_ILI9341_EMWIN_FATFS/Debug/../Core/Src/stm32f4xx_hal_msp.c:88: multiple definition of `HAL_CRC_MspInit'; ./Core/Src/stm32f4xx_hal_msp(1).o:C:/Users/hfk47/Desktop/STM32_ILI9341_EMWIN_FATFS/Debug/../Core/Src/stm32f4xx_hal_msp(1).c:88: first defined here
C:/ST/STM32CubeIDE_1.18.1/STM32CubeIDE/plugins/com.st.stm32cube.ide.mcu.externaltools.gnu-tools-for-stm32.13.3.rel1.win32_1.0.0.202411081344/tools/bin/../lib/gcc/arm-none-eabi/13.3.1/../../../../arm-none-eabi/bin/ld.exe: ./Core/Src/stm32f4xx_hal_msp.o: in function `HAL_CRC_MspDeInit':
C:/Users/hfk47/Desktop/STM32_ILI9341_EMWIN_FATFS/Debug/../Core/Src/stm32f4xx_hal_msp.c:111: multiple definition of `HAL_CRC_MspDeInit'; ./Core/Src/stm32f4xx_hal_msp(1).o:C:/Users/hfk47/Desktop/STM32_ILI9341_EMWIN_FATFS/Debug/../Core/Src/stm32f4xx_hal_msp(1).c:111: first defined here
C:/ST/STM32CubeIDE_1.18.1/STM32CubeIDE/plugins/com.st.stm32cube.ide.mcu.externaltools.gnu-tools-for-stm32.13.3.rel1.win32_1.0.0.202411081344/tools/bin/../lib/gcc/arm-none-eabi/13.3.1/../../../../arm-none-eabi/bin/ld.exe: ./Core/Src/stm32f4xx_hal_msp.o: in function `HAL_SPI_MspInit':
C:/Users/hfk47/Desktop/STM32_ILI9341_EMWIN_FATFS/Debug/../Core/Src/stm32f4xx_hal_msp.c:133: multiple definition of `HAL_SPI_MspInit'; ./Core/Src/stm32f4xx_hal_msp(1).o:C:/Users/hfk47/Desktop/STM32_ILI9341_EMWIN_FATFS/Debug/../Core/Src/stm32f4xx_hal_msp(1).c:133: first defined here
C:/ST/STM32CubeIDE_1.18.1/STM32CubeIDE/plugins/com.st.stm32cube.ide.mcu.externaltools.gnu-tools-for-stm32.13.3.rel1.win32_1.0.0.202411081344/tools/bin/../lib/gcc/arm-none-eabi/13.3.1/../../../../arm-none-eabi/bin/ld.exe: ./Core/Src/stm32f4xx_hal_msp.o: in function `HAL_SPI_MspDeInit':
C:/Users/hfk47/Desktop/STM32_ILI9341_EMWIN_FATFS/Debug/../Core/Src/stm32f4xx_hal_msp.c:195: multiple definition of `HAL_SPI_MspDeInit'; ./Core/Src/stm32f4xx_hal_msp(1).o:C:/Users/hfk47/Desktop/STM32_ILI9341_EMWIN_FATFS/Debug/../Core/Src/stm32f4xx_hal_msp(1).c:195: first defined here
C:/ST/STM32CubeIDE_1.18.1/STM32CubeIDE/plugins/com.st.stm32cube.ide.mcu.externaltools.gnu-tools-for-stm32.13.3.rel1.win32_1.0.0.202411081344/tools/bin/../lib/gcc/arm-none-eabi/13.3.1/../../../../arm-none-eabi/bin/ld.exe: ./Core/Src/stm32f4xx_it.o: in function `NMI_Handler':
C:/Users/hfk47/Desktop/STM32_ILI9341_EMWIN_FATFS/Debug/../Core/Src/stm32f4xx_it.c:71: multiple definition of `NMI_Handler'; ./Core/Src/stm32f4xx_it(1).o:C:/Users/hfk47/Desktop/STM32_ILI9341_EMWIN_FATFS/Debug/../Core/Src/stm32f4xx_it(1).c:71: first defined here
C:/ST/STM32CubeIDE_1.18.1/STM32CubeIDE/plugins/com.st.stm32cube.ide.mcu.externaltools.gnu-tools-for-stm32.13.3.rel1.win32_1.0.0.202411081344/tools/bin/../lib/gcc/arm-none-eabi/13.3.1/../../../../arm-none-eabi/bin/ld.exe: ./Core/Src/stm32f4xx_it.o: in function `HardFault_Handler':
C:/Users/hfk47/Desktop/STM32_ILI9341_EMWIN_FATFS/Debug/../Core/Src/stm32f4xx_it.c:86: multiple definition of `HardFault_Handler'; ./Core/Src/stm32f4xx_it(1).o:C:/Users/hfk47/Desktop/STM32_ILI9341_EMWIN_FATFS/Debug/../Core/Src/stm32f4xx_it(1).c:86: first defined here
C:/ST/STM32CubeIDE_1.18.1/STM32CubeIDE/plugins/com.st.stm32cube.ide.mcu.externaltools.gnu-tools-for-stm32.13.3.rel1.win32_1.0.0.202411081344/tools/bin/../lib/gcc/arm-none-eabi/13.3.1/../../../../arm-none-eabi/bin/ld.exe: ./Core/Src/stm32f4xx_it.o: in function `MemManage_Handler':
C:/Users/hfk47/Desktop/STM32_ILI9341_EMWIN_FATFS/Debug/../Core/Src/stm32f4xx_it.c:101: multiple definition of `MemManage_Handler'; ./Core/Src/stm32f4xx_it(1).o:C:/Users/hfk47/Desktop/STM32_ILI9341_EMWIN_FATFS/Debug/../Core/Src/stm32f4xx_it(1).c:101: first defined here
C:/ST/STM32CubeIDE_1.18.1/STM32CubeIDE/plugins/com.st.stm32cube.ide.mcu.externaltools.gnu-tools-for-stm32.13.3.rel1.win32_1.0.0.202411081344/tools/bin/../lib/gcc/arm-none-eabi/13.3.1/../../../../arm-none-eabi/bin/ld.exe: ./Core/Src/stm32f4xx_it.o: in function `BusFault_Handler':
C:/Users/hfk47/Desktop/STM32_ILI9341_EMWIN_FATFS/Debug/../Core/Src/stm32f4xx_it.c:116: multiple definition of `BusFault_Handler'; ./Core/Src/stm32f4xx_it(1).o:C:/Users/hfk47/Desktop/STM32_ILI9341_EMWIN_FATFS/Debug/../Core/Src/stm32f4xx_it(1).c:116: first defined here
C:/ST/STM32CubeIDE_1.18.1/STM32CubeIDE/plugins/com.st.stm32cube.ide.mcu.externaltools.gnu-tools-for-stm32.13.3.rel1.win32_1.0.0.202411081344/tools/bin/../lib/gcc/arm-none-eabi/13.3.1/../../../../arm-none-eabi/bin/ld.exe: ./Core/Src/stm32f4xx_it.o: in function `UsageFault_Handler':
C:/Users/hfk47/Desktop/STM32_ILI9341_EMWIN_FATFS/Debug/../Core/Src/stm32f4xx_it.c:131: multiple definition of `UsageFault_Handler'; ./Core/Src/stm32f4xx_it(1).o:C:/Users/hfk47/Desktop/STM32_ILI9341_EMWIN_FATFS/Debug/../Core/Src/stm32f4xx_it(1).c:131: first defined here
C:/ST/STM32CubeIDE_1.18.1/STM32CubeIDE/plugins/com.st.stm32cube.ide.mcu.externaltools.gnu-tools-for-stm32.13.3.rel1.win32_1.0.0.202411081344/tools/bin/../lib/gcc/arm-none-eabi/13.3.1/../../../../arm-none-eabi/bin/ld.exe: ./Core/Src/stm32f4xx_it.o: in function `SVC_Handler':
C:/Users/hfk47/Desktop/STM32_ILI9341_EMWIN_FATFS/Debug/../Core/Src/stm32f4xx_it.c:146: multiple definition of `SVC_Handler'; ./Core/Src/stm32f4xx_it(1).o:C:/Users/hfk47/Desktop/STM32_ILI9341_EMWIN_FATFS/Debug/../Core/Src/stm32f4xx_it(1).c:146: first defined here
C:/ST/STM32CubeIDE_1.18.1/STM32CubeIDE/plugins/com.st.stm32cube.ide.mcu.externaltools.gnu-tools-for-stm32.13.3.rel1.win32_1.0.0.202411081344/tools/bin/../lib/gcc/arm-none-eabi/13.3.1/../../../../arm-none-eabi/bin/ld.exe: ./Core/Src/stm32f4xx_it.o: in function `DebugMon_Handler':
C:/Users/hfk47/Desktop/STM32_ILI9341_EMWIN_FATFS/Debug/../Core/Src/stm32f4xx_it.c:159: multiple definition of `DebugMon_Handler'; ./Core/Src/stm32f4xx_it(1).o:C:/Users/hfk47/Desktop/STM32_ILI9341_EMWIN_FATFS/Debug/../Core/Src/stm32f4xx_it(1).c:159: first defined here
C:/ST/STM32CubeIDE_1.18.1/STM32CubeIDE/plugins/com.st.stm32cube.ide.mcu.externaltools.gnu-tools-for-stm32.13.3.rel1.win32_1.0.0.202411081344/tools/bin/../lib/gcc/arm-none-eabi/13.3.1/../../../../arm-none-eabi/bin/ld.exe: ./Core/Src/stm32f4xx_it.o: in function `PendSV_Handler':
C:/Users/hfk47/Desktop/STM32_ILI9341_EMWIN_FATFS/Debug/../Core/Src/stm32f4xx_it.c:172: multiple definition of `PendSV_Handler'; ./Core/Src/stm32f4xx_it(1).o:C:/Users/hfk47/Desktop/STM32_ILI9341_EMWIN_FATFS/Debug/../Core/Src/stm32f4xx_it(1).c:172: first defined here
C:/ST/STM32CubeIDE_1.18.1/STM32CubeIDE/plugins/com.st.stm32cube.ide.mcu.externaltools.gnu-tools-for-stm32.13.3.rel1.win32_1.0.0.202411081344/tools/bin/../lib/gcc/arm-none-eabi/13.3.1/../../../../arm-none-eabi/bin/ld.exe: ./Core/Src/stm32f4xx_it.o: in function `SysTick_Handler':
C:/Users/hfk47/Desktop/STM32_ILI9341_EMWIN_FATFS/Debug/../Core/Src/stm32f4xx_it.c:185: multiple definition of `SysTick_Handler'; ./Core/Src/stm32f4xx_it(1).o:C:/Users/hfk47/Desktop/STM32_ILI9341_EMWIN_FATFS/Debug/../Core/Src/stm32f4xx_it(1).c:185: first defined here
C:/ST/STM32CubeIDE_1.18.1/STM32CubeIDE/plugins/com.st.stm32cube.ide.mcu.externaltools.gnu-tools-for-stm32.13.3.rel1.win32_1.0.0.202411081344/tools/bin/../lib/gcc/arm-none-eabi/13.3.1/../../../../arm-none-eabi/bin/ld.exe: ./Core/Src/syscalls.o:C:/Users/hfk47/Desktop/STM32_ILI9341_EMWIN_FATFS/Debug/../Core/Src/syscalls.c:43: multiple definition of `__env'; ./Core/Src/syscalls(1).o:C:/Users/hfk47/Desktop/STM32_ILI9341_EMWIN_FATFS/Debug/../Core/Src/syscalls(1).c:43: first defined here
C:/ST/STM32CubeIDE_1.18.1/STM32CubeIDE/plugins/com.st.stm32cube.ide.mcu.externaltools.gnu-tools-for-stm32.13.3.rel1.win32_1.0.0.202411081344/tools/bin/../lib/gcc/arm-none-eabi/13.3.1/../../../../arm-none-eabi/bin/ld.exe: ./Core/Src/syscalls.o:C:/Users/hfk47/Desktop/STM32_ILI9341_EMWIN_FATFS/Debug/../Core/Src/syscalls.c:44: multiple definition of `environ'; ./Core/Src/syscalls(1).o:C:/Users/hfk47/Desktop/STM32_ILI9341_EMWIN_FATFS/Debug/../Core/Src/syscalls(1).c:44: first defined here
C:/ST/STM32CubeIDE_1.18.1/STM32CubeIDE/plugins/com.st.stm32cube.ide.mcu.externaltools.gnu-tools-for-stm32.13.3.rel1.win32_1.0.0.202411081344/tools/bin/../lib/gcc/arm-none-eabi/13.3.1/../../../../arm-none-eabi/bin/ld.exe: ./Core/Src/syscalls.o: in function `initialise_monitor_handles':
C:/Users/hfk47/Desktop/STM32_ILI9341_EMWIN_FATFS/Debug/../Core/Src/syscalls.c:49: multiple definition of `initialise_monitor_handles'; ./Core/Src/syscalls(1).o:C:/Users/hfk47/Desktop/STM32_ILI9341_EMWIN_FATFS/Debug/../Core/Src/syscalls(1).c:49: first defined here
C:/ST/STM32CubeIDE_1.18.1/STM32CubeIDE/plugins/com.st.stm32cube.ide.mcu.externaltools.gnu-tools-for-stm32.13.3.rel1.win32_1.0.0.202411081344/tools/bin/../lib/gcc/arm-none-eabi/13.3.1/../../../../arm-none-eabi/bin/ld.exe: ./Core/Src/syscalls.o: in function `_getpid':
C:/Users/hfk47/Desktop/STM32_ILI9341_EMWIN_FATFS/Debug/../Core/Src/syscalls.c:53: multiple definition of `_getpid'; ./Core/Src/syscalls(1).o:C:/Users/hfk47/Desktop/STM32_ILI9341_EMWIN_FATFS/Debug/../Core/Src/syscalls(1).c:53: first defined here
C:/ST/STM32CubeIDE_1.18.1/STM32CubeIDE/plugins/com.st.stm32cube.ide.mcu.externaltools.gnu-tools-for-stm32.13.3.rel1.win32_1.0.0.202411081344/tools/bin/../lib/gcc/arm-none-eabi/13.3.1/../../../../arm-none-eabi/bin/ld.exe: ./Core/Src/syscalls.o: in function `_kill':
C:/Users/hfk47/Desktop/STM32_ILI9341_EMWIN_FATFS/Debug/../Core/Src/syscalls.c:58: multiple definition of `_kill'; ./Core/Src/syscalls(1).o:C:/Users/hfk47/Desktop/STM32_ILI9341_EMWIN_FATFS/Debug/../Core/Src/syscalls(1).c:58: first defined here
C:/ST/STM32CubeIDE_1.18.1/STM32CubeIDE/plugins/com.st.stm32cube.ide.mcu.externaltools.gnu-tools-for-stm32.13.3.rel1.win32_1.0.0.202411081344/tools/bin/../lib/gcc/arm-none-eabi/13.3.1/../../../../arm-none-eabi/bin/ld.exe: ./Core/Src/syscalls.o: in function `_exit':
C:/Users/hfk47/Desktop/STM32_ILI9341_EMWIN_FATFS/Debug/../Core/Src/syscalls.c:64: multiple definition of `_exit'; ./Core/Src/syscalls(1).o:C:/Users/hfk47/Desktop/STM32_ILI9341_EMWIN_FATFS/Debug/../Core/Src/syscalls(1).c:64: first defined here
C:/ST/STM32CubeIDE_1.18.1/STM32CubeIDE/plugins/com.st.stm32cube.ide.mcu.externaltools.gnu-tools-for-stm32.13.3.rel1.win32_1.0.0.202411081344/tools/bin/../lib/gcc/arm-none-eabi/13.3.1/../../../../arm-none-eabi/bin/ld.exe: ./Core/Src/syscalls.o: in function `_close':
C:/Users/hfk47/Desktop/STM32_ILI9341_EMWIN_FATFS/Debug/../Core/Src/syscalls.c:93: multiple definition of `_close'; ./Core/Src/syscalls(1).o:C:/Users/hfk47/Desktop/STM32_ILI9341_EMWIN_FATFS/Debug/../Core/Src/syscalls(1).c:93: first defined here
C:/ST/STM32CubeIDE_1.18.1/STM32CubeIDE/plugins/com.st.stm32cube.ide.mcu.externaltools.gnu-tools-for-stm32.13.3.rel1.win32_1.0.0.202411081344/tools/bin/../lib/gcc/arm-none-eabi/13.3.1/../../../../arm-none-eabi/bin/ld.exe: ./Core/Src/syscalls.o: in function `_fstat':
C:/Users/hfk47/Desktop/STM32_ILI9341_EMWIN_FATFS/Debug/../Core/Src/syscalls.c:99: multiple definition of `_fstat'; ./Core/Src/syscalls(1).o:C:/Users/hfk47/Desktop/STM32_ILI9341_EMWIN_FATFS/Debug/../Core/Src/syscalls(1).c:99: first defined here
C:/ST/STM32CubeIDE_1.18.1/STM32CubeIDE/plugins/com.st.stm32cube.ide.mcu.externaltools.gnu-tools-for-stm32.13.3.rel1.win32_1.0.0.202411081344/tools/bin/../lib/gcc/arm-none-eabi/13.3.1/../../../../arm-none-eabi/bin/ld.exe: ./Core/Src/syscalls.o: in function `_isatty':
C:/Users/hfk47/Desktop/STM32_ILI9341_EMWIN_FATFS/Debug/../Core/Src/syscalls.c:105: multiple definition of `_isatty'; ./Core/Src/syscalls(1).o:C:/Users/hfk47/Desktop/STM32_ILI9341_EMWIN_FATFS/Debug/../Core/Src/syscalls(1).c:105: first defined here
C:/ST/STM32CubeIDE_1.18.1/STM32CubeIDE/plugins/com.st.stm32cube.ide.mcu.externaltools.gnu-tools-for-stm32.13.3.rel1.win32_1.0.0.202411081344/tools/bin/../lib/gcc/arm-none-eabi/13.3.1/../../../../arm-none-eabi/bin/ld.exe: ./Core/Src/syscalls.o: in function `_lseek':
C:/Users/hfk47/Desktop/STM32_ILI9341_EMWIN_FATFS/Debug/../Core/Src/syscalls.c:110: multiple definition of `_lseek'; ./Core/Src/syscalls(1).o:C:/Users/hfk47/Desktop/STM32_ILI9341_EMWIN_FATFS/Debug/../Core/Src/syscalls(1).c:110: first defined here
C:/ST/STM32CubeIDE_1.18.1/STM32CubeIDE/plugins/com.st.stm32cube.ide.mcu.externaltools.gnu-tools-for-stm32.13.3.rel1.win32_1.0.0.202411081344/tools/bin/../lib/gcc/arm-none-eabi/13.3.1/../../../../arm-none-eabi/bin/ld.exe: ./Core/Src/syscalls.o: in function `_open':
C:/Users/hfk47/Desktop/STM32_ILI9341_EMWIN_FATFS/Debug/../Core/Src/syscalls.c:115: multiple definition of `_open'; ./Core/Src/syscalls(1).o:C:/Users/hfk47/Desktop/STM32_ILI9341_EMWIN_FATFS/Debug/../Core/Src/syscalls(1).c:115: first defined here
C:/ST/STM32CubeIDE_1.18.1/STM32CubeIDE/plugins/com.st.stm32cube.ide.mcu.externaltools.gnu-tools-for-stm32.13.3.rel1.win32_1.0.0.202411081344/tools/bin/../lib/gcc/arm-none-eabi/13.3.1/../../../../arm-none-eabi/bin/ld.exe: ./Core/Src/syscalls.o: in function `_wait':
C:/Users/hfk47/Desktop/STM32_ILI9341_EMWIN_FATFS/Debug/../Core/Src/syscalls.c:121: multiple definition of `_wait'; ./Core/Src/syscalls(1).o:C:/Users/hfk47/Desktop/STM32_ILI9341_EMWIN_FATFS/Debug/../Core/Src/syscalls(1).c:121: first defined here
C:/ST/STM32CubeIDE_1.18.1/STM32CubeIDE/plugins/com.st.stm32cube.ide.mcu.externaltools.gnu-tools-for-stm32.13.3.rel1.win32_1.0.0.202411081344/tools/bin/../lib/gcc/arm-none-eabi/13.3.1/../../../../arm-none-eabi/bin/ld.exe: ./Core/Src/syscalls.o: in function `_unlink':
C:/Users/hfk47/Desktop/STM32_ILI9341_EMWIN_FATFS/Debug/../Core/Src/syscalls.c:127: multiple definition of `_unlink'; ./Core/Src/syscalls(1).o:C:/Users/hfk47/Desktop/STM32_ILI9341_EMWIN_FATFS/Debug/../Core/Src/syscalls(1).c:127: first defined here
C:/ST/STM32CubeIDE_1.18.1/STM32CubeIDE/plugins/com.st.stm32cube.ide.mcu.externaltools.gnu-tools-for-stm32.13.3.rel1.win32_1.0.0.202411081344/tools/bin/../lib/gcc/arm-none-eabi/13.3.1/../../../../arm-none-eabi/bin/ld.exe: ./Core/Src/syscalls.o: in function `_times':
C:/Users/hfk47/Desktop/STM32_ILI9341_EMWIN_FATFS/Debug/../Core/Src/syscalls.c:133: multiple definition of `_times'; ./Core/Src/syscalls(1).o:C:/Users/hfk47/Desktop/STM32_ILI9341_EMWIN_FATFS/Debug/../Core/Src/syscalls(1).c:133: first defined here
C:/ST/STM32CubeIDE_1.18.1/STM32CubeIDE/plugins/com.st.stm32cube.ide.mcu.externaltools.gnu-tools-for-stm32.13.3.rel1.win32_1.0.0.202411081344/tools/bin/../lib/gcc/arm-none-eabi/13.3.1/../../../../arm-none-eabi/bin/ld.exe: ./Core/Src/syscalls.o: in function `_stat':
C:/Users/hfk47/Desktop/STM32_ILI9341_EMWIN_FATFS/Debug/../Core/Src/syscalls.c:138: multiple definition of `_stat'; ./Core/Src/syscalls(1).o:C:/Users/hfk47/Desktop/STM32_ILI9341_EMWIN_FATFS/Debug/../Core/Src/syscalls(1).c:138: first defined here
C:/ST/STM32CubeIDE_1.18.1/STM32CubeIDE/plugins/com.st.stm32cube.ide.mcu.externaltools.gnu-tools-for-stm32.13.3.rel1.win32_1.0.0.202411081344/tools/bin/../lib/gcc/arm-none-eabi/13.3.1/../../../../arm-none-eabi/bin/ld.exe: ./Core/Src/syscalls.o: in function `_link':
C:/Users/hfk47/Desktop/STM32_ILI9341_EMWIN_FATFS/Debug/../Core/Src/syscalls.c:144: multiple definition of `_link'; ./Core/Src/syscalls(1).o:C:/Users/hfk47/Desktop/STM32_ILI9341_EMWIN_FATFS/Debug/../Core/Src/syscalls(1).c:144: first defined here
C:/ST/STM32CubeIDE_1.18.1/STM32CubeIDE/plugins/com.st.stm32cube.ide.mcu.externaltools.gnu-tools-for-stm32.13.3.rel1.win32_1.0.0.202411081344/tools/bin/../lib/gcc/arm-none-eabi/13.3.1/../../../../arm-none-eabi/bin/ld.exe: ./Core/Src/syscalls.o: in function `_fork':
C:/Users/hfk47/Desktop/STM32_ILI9341_EMWIN_FATFS/Debug/../Core/Src/syscalls.c:150: multiple definition of `_fork'; ./Core/Src/syscalls(1).o:C:/Users/hfk47/Desktop/STM32_ILI9341_EMWIN_FATFS/Debug/../Core/Src/syscalls(1).c:150: first defined here
C:/ST/STM32CubeIDE_1.18.1/STM32CubeIDE/plugins/com.st.stm32cube.ide.mcu.externaltools.gnu-tools-for-stm32.13.3.rel1.win32_1.0.0.202411081344/tools/bin/../lib/gcc/arm-none-eabi/13.3.1/../../../../arm-none-eabi/bin/ld.exe: ./Core/Src/syscalls.o: in function `_execve':
C:/Users/hfk47/Desktop/STM32_ILI9341_EMWIN_FATFS/Debug/../Core/Src/syscalls.c:156: multiple definition of `_execve'; ./Core/Src/syscalls(1).o:C:/Users/hfk47/Desktop/STM32_ILI9341_EMWIN_FATFS/Debug/../Core/Src/syscalls(1).c:156: first defined here
C:/ST/STM32CubeIDE_1.18.1/STM32CubeIDE/plugins/com.st.stm32cube.ide.mcu.externaltools.gnu-tools-for-stm32.13.3.rel1.win32_1.0.0.202411081344/tools/bin/../lib/gcc/arm-none-eabi/13.3.1/../../../../arm-none-eabi/bin/ld.exe: ./Core/Src/sysmem.o: in function `_sbrk':
C:/Users/hfk47/Desktop/STM32_ILI9341_EMWIN_FATFS/Debug/../Core/Src/sysmem.c:55: multiple definition of `_sbrk'; ./Core/Src/sysmem(1).o:C:/Users/hfk47/Desktop/STM32_ILI9341_EMWIN_FATFS/Debug/../Core/Src/sysmem(1).c:55: first defined here
C:/ST/STM32CubeIDE_1.18.1/STM32CubeIDE/plugins/com.st.stm32cube.ide.mcu.externaltools.gnu-tools-for-stm32.13.3.rel1.win32_1.0.0.202411081344/tools/bin/../lib/gcc/arm-none-eabi/13.3.1/../../../../arm-none-eabi/bin/ld.exe: ./Core/Src/system_stm32f4xx.o:C:/Users/hfk47/Desktop/STM32_ILI9341_EMWIN_FATFS/Debug/../Core/Src/system_stm32f4xx.c:120: multiple definition of `SystemCoreClock'; ./Core/Src/system_stm32f4xx(1).o:C:/Users/hfk47/Desktop/STM32_ILI9341_EMWIN_FATFS/Debug/../Core/Src/system_stm32f4xx(1).c:120: first defined here
C:/ST/STM32CubeIDE_1.18.1/STM32CubeIDE/plugins/com.st.stm32cube.ide.mcu.externaltools.gnu-tools-for-stm32.13.3.rel1.win32_1.0.0.202411081344/tools/bin/../lib/gcc/arm-none-eabi/13.3.1/../../../../arm-none-eabi/bin/ld.exe: ./Core/Src/system_stm32f4xx.o:C:/Users/hfk47/Desktop/STM32_ILI9341_EMWIN_FATFS/Debug/../Core/Src/system_stm32f4xx.c:121: multiple definition of `AHBPrescTable'; ./Core/Src/system_stm32f4xx(1).o:C:/Users/hfk47/Desktop/STM32_ILI9341_EMWIN_FATFS/Debug/../Core/Src/system_stm32f4xx(1).c:121: first defined here
C:/ST/STM32CubeIDE_1.18.1/STM32CubeIDE/plugins/com.st.stm32cube.ide.mcu.externaltools.gnu-tools-for-stm32.13.3.rel1.win32_1.0.0.202411081344/tools/bin/../lib/gcc/arm-none-eabi/13.3.1/../../../../arm-none-eabi/bin/ld.exe: ./Core/Src/system_stm32f4xx.o:C:/Users/hfk47/Desktop/STM32_ILI9341_EMWIN_FATFS/Debug/../Core/Src/system_stm32f4xx.c:122: multiple definition of `APBPrescTable'; ./Core/Src/system_stm32f4xx(1).o:C:/Users/hfk47/Desktop/STM32_ILI9341_EMWIN_FATFS/Debug/../Core/Src/system_stm32f4xx(1).c:122: first defined here
C:/ST/STM32CubeIDE_1.18.1/STM32CubeIDE/plugins/com.st.stm32cube.ide.mcu.externaltools.gnu-tools-for-stm32.13.3.rel1.win32_1.0.0.202411081344/tools/bin/../lib/gcc/arm-none-eabi/13.3.1/../../../../arm-none-eabi/bin/ld.exe: ./Core/Src/system_stm32f4xx.o: in function `SystemInit':
C:/Users/hfk47/Desktop/STM32_ILI9341_EMWIN_FATFS/Debug/../Core/Src/system_stm32f4xx.c:151: multiple definition of `SystemInit'; ./Core/Src/system_stm32f4xx(1).o:C:/Users/hfk47/Desktop/STM32_ILI9341_EMWIN_FATFS/Debug/../Core/Src/system_stm32f4xx(1).c:151: first defined here
C:/ST/STM32CubeIDE_1.18.1/STM32CubeIDE/plugins/com.st.stm32cube.ide.mcu.externaltools.gnu-tools-for-stm32.13.3.rel1.win32_1.0.0.202411081344/tools/bin/../lib/gcc/arm-none-eabi/13.3.1/../../../../arm-none-eabi/bin/ld.exe: ./Core/Src/system_stm32f4xx.o: in function `SystemCoreClockUpdate':
C:/Users/hfk47/Desktop/STM32_ILI9341_EMWIN_FATFS/Debug/../Core/Src/system_stm32f4xx.c:206: multiple definition of `SystemCoreClockUpdate'; ./Core/Src/system_stm32f4xx(1).o:C:/Users/hfk47/Desktop/STM32_ILI9341_EMWIN_FATFS/Debug/../Core/Src/system_stm32f4xx(1).c:206: first defined here
C:/ST/STM32CubeIDE_1.18.1/STM32CubeIDE/plugins/com.st.stm32cube.ide.mcu.externaltools.gnu-tools-for-stm32.13.3.rel1.win32_1.0.0.202411081344/tools/bin/../lib/gcc/arm-none-eabi/13.3.1/../../../../arm-none-eabi/bin/ld.exe: ./Core/Startup/startup_stm32f407vgtx.o:(.isr_vector+0x0): multiple definition of `g_pfnVectors'; ./Core/Startup/startup_stm32f407vgtx(1).o:(.isr_vector+0x0): first defined here
C:/ST/STM32CubeIDE_1.18.1/STM32CubeIDE/plugins/com.st.stm32cube.ide.mcu.externaltools.gnu-tools-for-stm32.13.3.rel1.win32_1.0.0.202411081344/tools/bin/../lib/gcc/arm-none-eabi/13.3.1/../../../../arm-none-eabi/bin/ld.exe: ./Core/Startup/startup_stm32f407vgtx.o: in function `NMI_Handler':
C:/Users/hfk47/Desktop/STM32_ILI9341_EMWIN_FATFS/Debug/../Core/Startup/startup_stm32f407vgtx.s:111: multiple definition of `Default_Handler'; ./Core/Startup/startup_stm32f407vgtx(1).o:C:/Users/hfk47/Desktop/STM32_ILI9341_EMWIN_FATFS/Debug/../Core/Startup/startup_stm32f407vgtx(1).s:111: first defined here
C:/ST/STM32CubeIDE_1.18.1/STM32CubeIDE/plugins/com.st.stm32cube.ide.mcu.externaltools.gnu-tools-for-stm32.13.3.rel1.win32_1.0.0.202411081344/tools/bin/../lib/gcc/arm-none-eabi/13.3.1/../../../../arm-none-eabi/bin/ld.exe: ./FATFS/App/fatfs.o:C:/Users/hfk47/Desktop/STM32_ILI9341_EMWIN_FATFS/Debug/../FATFS/App/fatfs.c:21: multiple definition of `retUSER'; ./FATFS/App/fatfs(1).o:C:/Users/hfk47/Desktop/STM32_ILI9341_EMWIN_FATFS/Debug/../FATFS/App/fatfs(1).c:21: first defined here
C:/ST/STM32CubeIDE_1.18.1/STM32CubeIDE/plugins/com.st.stm32cube.ide.mcu.externaltools.gnu-tools-for-stm32.13.3.rel1.win32_1.0.0.202411081344/tools/bin/../lib/gcc/arm-none-eabi/13.3.1/../../../../arm-none-eabi/bin/ld.exe: ./FATFS/App/fatfs.o:C:/Users/hfk47/Desktop/STM32_ILI9341_EMWIN_FATFS/Debug/../FATFS/App/fatfs.c:22: multiple definition of `USERPath'; ./FATFS/App/fatfs(1).o:C:/Users/hfk47/Desktop/STM32_ILI9341_EMWIN_FATFS/Debug/../FATFS/App/fatfs(1).c:22: first defined here
C:/ST/STM32CubeIDE_1.18.1/STM32CubeIDE/plugins/com.st.stm32cube.ide.mcu.externaltools.gnu-tools-for-stm32.13.3.rel1.win32_1.0.0.202411081344/tools/bin/../lib/gcc/arm-none-eabi/13.3.1/../../../../arm-none-eabi/bin/ld.exe: ./FATFS/App/fatfs.o:C:/Users/hfk47/Desktop/STM32_ILI9341_EMWIN_FATFS/Debug/../FATFS/App/fatfs.c:23: multiple definition of `USERFatFS'; ./FATFS/App/fatfs(1).o:C:/Users/hfk47/Desktop/STM32_ILI9341_EMWIN_FATFS/Debug/../FATFS/App/fatfs(1).c:23: first defined here
C:/ST/STM32CubeIDE_1.18.1/STM32CubeIDE/plugins/com.st.stm32cube.ide.mcu.externaltools.gnu-tools-for-stm32.13.3.rel1.win32_1.0.0.202411081344/tools/bin/../lib/gcc/arm-none-eabi/13.3.1/../../../../arm-none-eabi/bin/ld.exe: ./FATFS/App/fatfs.o:C:/Users/hfk47/Desktop/STM32_ILI9341_EMWIN_FATFS/Debug/../FATFS/App/fatfs.c:24: multiple definition of `USERFile'; ./FATFS/App/fatfs(1).o:C:/Users/hfk47/Desktop/STM32_ILI9341_EMWIN_FATFS/Debug/../FATFS/App/fatfs(1).c:24: first defined here
C:/ST/STM32CubeIDE_1.18.1/STM32CubeIDE/plugins/com.st.stm32cube.ide.mcu.externaltools.gnu-tools-for-stm32.13.3.rel1.win32_1.0.0.202411081344/tools/bin/../lib/gcc/arm-none-eabi/13.3.1/../../../../arm-none-eabi/bin/ld.exe: ./FATFS/App/fatfs.o: in function `MX_FATFS_Init':
C:/Users/hfk47/Desktop/STM32_ILI9341_EMWIN_FATFS/Debug/../FATFS/App/fatfs.c:31: multiple definition of `MX_FATFS_Init'; ./FATFS/App/fatfs(1).o:C:/Users/hfk47/Desktop/STM32_ILI9341_EMWIN_FATFS/Debug/../FATFS/App/fatfs(1).c:31: first defined here
C:/ST/STM32CubeIDE_1.18.1/STM32CubeIDE/plugins/com.st.stm32cube.ide.mcu.externaltools.gnu-tools-for-stm32.13.3.rel1.win32_1.0.0.202411081344/tools/bin/../lib/gcc/arm-none-eabi/13.3.1/../../../../arm-none-eabi/bin/ld.exe: ./FATFS/App/fatfs.o: in function `get_fattime':
C:/Users/hfk47/Desktop/STM32_ILI9341_EMWIN_FATFS/Debug/../FATFS/App/fatfs.c:46: multiple definition of `get_fattime'; ./FATFS/App/fatfs(1).o:C:/Users/hfk47/Desktop/STM32_ILI9341_EMWIN_FATFS/Debug/../FATFS/App/fatfs(1).c:46: first defined here
C:/ST/STM32CubeIDE_1.18.1/STM32CubeIDE/plugins/com.st.stm32cube.ide.mcu.externaltools.gnu-tools-for-stm32.13.3.rel1.win32_1.0.0.202411081344/tools/bin/../lib/gcc/arm-none-eabi/13.3.1/../../../../arm-none-eabi/bin/ld.exe: ./FATFS/Target/user_diskio.o:C:/Users/hfk47/Desktop/STM32_ILI9341_EMWIN_FATFS/Debug/../FATFS/Target/user_diskio.c:60: multiple definition of `USER_Driver'; ./FATFS/Target/user_diskio(1).o:C:/Users/hfk47/Desktop/STM32_ILI9341_EMWIN_FATFS/Debug/../FATFS/Target/user_diskio(1).c:60: first defined here
C:/ST/STM32CubeIDE_1.18.1/STM32CubeIDE/plugins/com.st.stm32cube.ide.mcu.externaltools.gnu-tools-for-stm32.13.3.rel1.win32_1.0.0.202411081344/tools/bin/../lib/gcc/arm-none-eabi/13.3.1/../../../../arm-none-eabi/bin/ld.exe: ./FATFS/Target/user_diskio.o: in function `USER_initialize':
C:/Users/hfk47/Desktop/STM32_ILI9341_EMWIN_FATFS/Debug/../FATFS/Target/user_diskio.c:83: multiple definition of `USER_initialize'; ./FATFS/Target/user_diskio(1).o:C:/Users/hfk47/Desktop/STM32_ILI9341_EMWIN_FATFS/Debug/../FATFS/Target/user_diskio(1).c:83: first defined here
C:/ST/STM32CubeIDE_1.18.1/STM32CubeIDE/plugins/com.st.stm32cube.ide.mcu.externaltools.gnu-tools-for-stm32.13.3.rel1.win32_1.0.0.202411081344/tools/bin/../lib/gcc/arm-none-eabi/13.3.1/../../../../arm-none-eabi/bin/ld.exe: ./FATFS/Target/user_diskio.o: in function `USER_status':
C:/Users/hfk47/Desktop/STM32_ILI9341_EMWIN_FATFS/Debug/../FATFS/Target/user_diskio.c:97: multiple definition of `USER_status'; ./FATFS/Target/user_diskio(1).o:C:/Users/hfk47/Desktop/STM32_ILI9341_EMWIN_FATFS/Debug/../FATFS/Target/user_diskio(1).c:97: first defined here
C:/ST/STM32CubeIDE_1.18.1/STM32CubeIDE/plugins/com.st.stm32cube.ide.mcu.externaltools.gnu-tools-for-stm32.13.3.rel1.win32_1.0.0.202411081344/tools/bin/../lib/gcc/arm-none-eabi/13.3.1/../../../../arm-none-eabi/bin/ld.exe: ./FATFS/Target/user_diskio.o: in function `USER_read':
C:/Users/hfk47/Desktop/STM32_ILI9341_EMWIN_FATFS/Debug/../FATFS/Target/user_diskio.c:117: multiple definition of `USER_read'; ./FATFS/Target/user_diskio(1).o:C:/Users/hfk47/Desktop/STM32_ILI9341_EMWIN_FATFS/Debug/../FATFS/Target/user_diskio(1).c:117: first defined here
C:/ST/STM32CubeIDE_1.18.1/STM32CubeIDE/plugins/com.st.stm32cube.ide.mcu.externaltools.gnu-tools-for-stm32.13.3.rel1.win32_1.0.0.202411081344/tools/bin/../lib/gcc/arm-none-eabi/13.3.1/../../../../arm-none-eabi/bin/ld.exe: ./FATFS/Target/user_diskio.o: in function `USER_write':
C:/Users/hfk47/Desktop/STM32_ILI9341_EMWIN_FATFS/Debug/../FATFS/Target/user_diskio.c:138: multiple definition of `USER_write'; ./FATFS/Target/user_diskio(1).o:C:/Users/hfk47/Desktop/STM32_ILI9341_EMWIN_FATFS/Debug/../FATFS/Target/user_diskio(1).c:138: first defined here
C:/ST/STM32CubeIDE_1.18.1/STM32CubeIDE/plugins/com.st.stm32cube.ide.mcu.externaltools.gnu-tools-for-stm32.13.3.rel1.win32_1.0.0.202411081344/tools/bin/../lib/gcc/arm-none-eabi/13.3.1/../../../../arm-none-eabi/bin/ld.exe: ./FATFS/Target/user_diskio.o: in function `USER_ioctl':
C:/Users/hfk47/Desktop/STM32_ILI9341_EMWIN_FATFS/Debug/../FATFS/Target/user_diskio.c:159: multiple definition of `USER_ioctl'; ./FATFS/Target/user_diskio(1).o:C:/Users/hfk47/Desktop/STM32_ILI9341_EMWIN_FATFS/Debug/../FATFS/Target/user_diskio(1).c:159: first defined here
C:/ST/STM32CubeIDE_1.18.1/STM32CubeIDE/plugins/com.st.stm32cube.ide.mcu.externaltools.gnu-tools-for-stm32.13.3.rel1.win32_1.0.0.202411081344/tools/bin/../lib/gcc/arm-none-eabi/13.3.1/../../../../arm-none-eabi/bin/ld.exe: warning: STM32_ILI9341_EMWIN_FATFS.elf has a LOAD segment with RWX permissions
collect2.exe: error: ld returned 1 exit status
make: *** [makefile:68: STM32_ILI9341_EMWIN_FATFS.elf] Error 1
"make -j16 all" terminated with exit code 2. Build might be incomplete.
17:57:54 **** Build of configuration Debug for project STM32_ILI9341_EMWIN_FATFS ****
make -j16 all 
arm-none-eabi-gcc "../Middlewares/Third_Party/FatFs/src/option/ccsbcs.c" -mcpu=cortex-m4 -std=gnu11 -g3 -DUSE_HAL_DRIVER -DDEBUG -DSTM32F407xx -c -I../Core/Inc -I../Drivers/STM32F4xx_HAL_Driver/Inc -I../Drivers/STM32F4xx_HAL_Driver/Inc/Legacy -I../Drivers/CMSIS/Device/ST/STM32F4xx/Include -I../Drivers/CMSIS/Include -I../GUI/Inc -I../FATFS/Target -I../FATFS/App -I../Middlewares/Third_Party/FatFs/src -O0 -ffunction-sections -fdata-sections -Wall -fstack-usage -fcyclomatic-complexity -MMD -MP -MF"Middlewares/Third_Party/FatFs/src/option/ccsbcs.d" -MT"Middlewares/Third_Party/FatFs/src/option/ccsbcs.o" --specs=nano.specs -mfpu=fpv4-sp-d16 -mfloat-abi=hard -mthumb -o "Middlewares/Third_Party/FatFs/src/option/ccsbcs.o"
arm-none-eabi-gcc "../Middlewares/Third_Party/FatFs/src/option/syscall.c" -mcpu=cortex-m4 -std=gnu11 -g3 -DUSE_HAL_DRIVER -DDEBUG -DSTM32F407xx -c -I../Core/Inc -I../Drivers/STM32F4xx_HAL_Driver/Inc -I../Drivers/STM32F4xx_HAL_Driver/Inc/Legacy -I../Drivers/CMSIS/Device/ST/STM32F4xx/Include -I../Drivers/CMSIS/Include -I../GUI/Inc -I../FATFS/Target -I../FATFS/App -I../Middlewares/Third_Party/FatFs/src -O0 -ffunction-sections -fdata-sections -Wall -fstack-usage -fcyclomatic-complexity -MMD -MP -MF"Middlewares/Third_Party/FatFs/src/option/syscall.d" -MT"Middlewares/Third_Party/FatFs/src/option/syscall.o" --specs=nano.specs -mfpu=fpv4-sp-d16 -mfloat-abi=hard -mthumb -o "Middlewares/Third_Party/FatFs/src/option/syscall.o"
arm-none-eabi-gcc "../Middlewares/Third_Party/FatFs/src/diskio.c" -mcpu=cortex-m4 -std=gnu11 -g3 -DUSE_HAL_DRIVER -DDEBUG -DSTM32F407xx -c -I../Core/Inc -I../Drivers/STM32F4xx_HAL_Driver/Inc -I../Drivers/STM32F4xx_HAL_Driver/Inc/Legacy -I../Drivers/CMSIS/Device/ST/STM32F4xx/Include -I../Drivers/CMSIS/Include -I../GUI/Inc -I../FATFS/Target -I../FATFS/App -I../Middlewares/Third_Party/FatFs/src -O0 -ffunction-sections -fdata-sections -Wall -fstack-usage -fcyclomatic-complexity -MMD -MP -MF"Middlewares/Third_Party/FatFs/src/diskio.d" -MT"Middlewares/Third_Party/FatFs/src/diskio.o" --specs=nano.specs -mfpu=fpv4-sp-d16 -mfloat-abi=hard -mthumb -o "Middlewares/Third_Party/FatFs/src/diskio.o"
arm-none-eabi-gcc "../Middlewares/Third_Party/FatFs/src/ff.c" -mcpu=cortex-m4 -std=gnu11 -g3 -DUSE_HAL_DRIVER -DDEBUG -DSTM32F407xx -c -I../Core/Inc -I../Drivers/STM32F4xx_HAL_Driver/Inc -I../Drivers/STM32F4xx_HAL_Driver/Inc/Legacy -I../Drivers/CMSIS/Device/ST/STM32F4xx/Include -I../Drivers/CMSIS/Include -I../GUI/Inc -I../FATFS/Target -I../FATFS/App -I../Middlewares/Third_Party/FatFs/src -O0 -ffunction-sections -fdata-sections -Wall -fstack-usage -fcyclomatic-complexity -MMD -MP -MF"Middlewares/Third_Party/FatFs/src/ff.d" -MT"Middlewares/Third_Party/FatFs/src/ff.o" --specs=nano.specs -mfpu=fpv4-sp-d16 -mfloat-abi=hard -mthumb -o "Middlewares/Third_Party/FatFs/src/ff.o"
arm-none-eabi-gcc "../Middlewares/Third_Party/FatFs/src/ff_gen_drv.c" -mcpu=cortex-m4 -std=gnu11 -g3 -DUSE_HAL_DRIVER -DDEBUG -DSTM32F407xx -c -I../Core/Inc -I../Drivers/STM32F4xx_HAL_Driver/Inc -I../Drivers/STM32F4xx_HAL_Driver/Inc/Legacy -I../Drivers/CMSIS/Device/ST/STM32F4xx/Include -I../Drivers/CMSIS/Include -I../GUI/Inc -I../FATFS/Target -I../FATFS/App -I../Middlewares/Third_Party/FatFs/src -O0 -ffunction-sections -fdata-sections -Wall -fstack-usage -fcyclomatic-complexity -MMD -MP -MF"Middlewares/Third_Party/FatFs/src/ff_gen_drv.d" -MT"Middlewares/Third_Party/FatFs/src/ff_gen_drv.o" --specs=nano.specs -mfpu=fpv4-sp-d16 -mfloat-abi=hard -mthumb -o "Middlewares/Third_Party/FatFs/src/ff_gen_drv.o"
arm-none-eabi-gcc "../FATFS/Target/user_diskio.c" -mcpu=cortex-m4 -std=gnu11 -g3 -DUSE_HAL_DRIVER -DDEBUG -DSTM32F407xx -c -I../Core/Inc -I../Drivers/STM32F4xx_HAL_Driver/Inc -I../Drivers/STM32F4xx_HAL_Driver/Inc/Legacy -I../Drivers/CMSIS/Device/ST/STM32F4xx/Include -I../Drivers/CMSIS/Include -I../GUI/Inc -I../FATFS/Target -I../FATFS/App -I../Middlewares/Third_Party/FatFs/src -O0 -ffunction-sections -fdata-sections -Wall -fstack-usage -fcyclomatic-complexity -MMD -MP -MF"FATFS/Target/user_diskio.d" -MT"FATFS/Target/user_diskio.o" --specs=nano.specs -mfpu=fpv4-sp-d16 -mfloat-abi=hard -mthumb -o "FATFS/Target/user_diskio.o"
arm-none-eabi-gcc "../FATFS/App/fatfs.c" -mcpu=cortex-m4 -std=gnu11 -g3 -DUSE_HAL_DRIVER -DDEBUG -DSTM32F407xx -c -I../Core/Inc -I../Drivers/STM32F4xx_HAL_Driver/Inc -I../Drivers/STM32F4xx_HAL_Driver/Inc/Legacy -I../Drivers/CMSIS/Device/ST/STM32F4xx/Include -I../Drivers/CMSIS/Include -I../GUI/Inc -I../FATFS/Target -I../FATFS/App -I../Middlewares/Third_Party/FatFs/src -O0 -ffunction-sections -fdata-sections -Wall -fstack-usage -fcyclomatic-complexity -MMD -MP -MF"FATFS/App/fatfs.d" -MT"FATFS/App/fatfs.o" --specs=nano.specs -mfpu=fpv4-sp-d16 -mfloat-abi=hard -mthumb -o "FATFS/App/fatfs.o"
arm-none-eabi-gcc "../Drivers/STM32F4xx_HAL_Driver/Src/stm32f4xx_hal.c" -mcpu=cortex-m4 -std=gnu11 -g3 -DUSE_HAL_DRIVER -DDEBUG -DSTM32F407xx -c -I../Core/Inc -I../Drivers/STM32F4xx_HAL_Driver/Inc -I../Drivers/STM32F4xx_HAL_Driver/Inc/Legacy -I../Drivers/CMSIS/Device/ST/STM32F4xx/Include -I../Drivers/CMSIS/Include -I../GUI/Inc -I../FATFS/Target -I../FATFS/App -I../Middlewares/Third_Party/FatFs/src -O0 -ffunction-sections -fdata-sections -Wall -fstack-usage -fcyclomatic-complexity -MMD -MP -MF"Drivers/STM32F4xx_HAL_Driver/Src/stm32f4xx_hal.d" -MT"Drivers/STM32F4xx_HAL_Driver/Src/stm32f4xx_hal.o" --specs=nano.specs -mfpu=fpv4-sp-d16 -mfloat-abi=hard -mthumb -o "Drivers/STM32F4xx_HAL_Driver/Src/stm32f4xx_hal.o"
[...]
arm-none-eabi-gcc "../Middlewares/Third_Party/FatFs/src/ff_gen_drv.c" -mcpu=cortex-m4 -std=gnu11 -g3 -DDEBUG -DUSE_HAL_DRIVER -DSTM32F407xx -c -I../Core/Inc -I"C:/Users/hfk47/STM32CubeIDE/workspace_1.18.1/F407DISC-SDcard_ILI9341/GUI/inc" -I../Drivers/STM32F4xx_HAL_Driver/Inc -I../Drivers/STM32F4xx_HAL_Driver/Inc/Legacy -I../Drivers/CMSIS/Device/ST/STM32F4xx/Include -I../Drivers/CMSIS/Include -I../FATFS/Target -I../FATFS/App -I../Middlewares/Third_Party/FatFs/src -O0 -ffunction-sections -fdata-sections -Wall -fstack-usage -fcyclomatic-complexity -MMD -MP -MF"Middlewares/Third_Party/FatFs/src/ff_gen_drv.d" -MT"Middlewares/Third_Party/FatFs/src/ff_gen_drv.o" --specs=nano.specs -mfpu=fpv4-sp-d16 -mfloat-abi=hard -mthumb -o "Middlewares/Third_Party/FatFs/src/ff_gen_drv.o"
arm-none-eabi-gcc "../FATFS/Target/user_diskio.c" -mcpu=cortex-m4 -std=gnu11 -g3 -DDEBUG -DUSE_HAL_DRIVER -DSTM32F407xx -c -I../Core/Inc -I"C:/Users/hfk47/STM32CubeIDE/workspace_1.18.1/F407DISC-SDcard_ILI9341/GUI/inc" -I../Drivers/STM32F4xx_HAL_Driver/Inc -I../Drivers/STM32F4xx_HAL_Driver/Inc/Legacy -I../Drivers/CMSIS/Device/ST/STM32F4xx/Include -I../Drivers/CMSIS/Include -I../FATFS/Target -I../FATFS/App -I../Middlewares/Third_Party/FatFs/src -O0 -ffunction-sections -fdata-sections -Wall -fstack-usage -fcyclomatic-complexity -MMD -MP -MF"FATFS/Target/user_diskio.d" -MT"FATFS/Target/user_diskio.o" --specs=nano.specs -mfpu=fpv4-sp-d16 -mfloat-abi=hard -mthumb -o "FATFS/Target/user_diskio.o"
arm-none-eabi-gcc "../FATFS/App/fatfs.c" -mcpu=cortex-m4 -std=gnu11 -g3 -DDEBUG -DUSE_HAL_DRIVER -DSTM32F407xx -c -I../Core/Inc -I"C:/Users/hfk47/STM32CubeIDE/workspace_1.18.1/F407DISC-SDcard_ILI9341/GUI/inc" -I../Drivers/STM32F4xx_HAL_Driver/Inc -I../Drivers/STM32F4xx_HAL_Driver/Inc/Legacy -I../Drivers/CMSIS/Device/ST/STM32F4xx/Include -I../Drivers/CMSIS/Include -I../FATFS/Target -I../FATFS/App -I../Middlewares/Third_Party/FatFs/src -O0 -ffunction-sections -fdata-sections -Wall -fstack-usage -fcyclomatic-complexity -MMD -MP -MF"FATFS/App/fatfs.d" -MT"FATFS/App/fatfs.o" --specs=nano.specs -mfpu=fpv4-sp-d16 -mfloat-abi=hard -mthumb -o "FATFS/App/fatfs.o"
arm-none-eabi-gcc "../Drivers/STM32F4xx_HAL_Driver/Src/stm32f4xx_hal.c" -mcpu=cortex-m4 -std=gnu11 -g3 -DDEBUG -DUSE_HAL_DRIVER -DSTM32F407xx -c -I../Core/Inc -I"C:/Users/hfk47/STM32CubeIDE/workspace_1.18.1/F407DISC-SDcard_ILI9341/GUI/inc" -I../Drivers/STM32F4xx_HAL_Driver/Inc -I../Drivers/STM32F4xx_HAL_Driver/Inc/Legacy -I../Drivers/CMSIS/Device/ST/STM32F4xx/Include -I../Drivers/CMSIS/Include -I../FATFS/Target -I../FATFS/App -I../Middlewares/Third_Party/FatFs/src -O0 -ffunction-sections -fdata-sections -Wall -fstack-usage -fcyclomatic-complexity -MMD -MP -MF"Drivers/STM32F4xx_HAL_Driver/Src/stm32f4xx_hal.d" -MT"Drivers/STM32F4xx_HAL_Driver/Src/stm32f4xx_hal.o" --specs=nano.specs -mfpu=fpv4-sp-d16 -mfloat-abi=hard -mthumb -o "Drivers/STM32F4xx_HAL_Driver/Src/stm32f4xx_hal.o"
arm-none-eabi-gcc "../Drivers/STM32F4xx_HAL_Driver/Src/stm32f4xx_hal_cortex.c" -mcpu=cortex-m4 -std=gnu11 -g3 -DDEBUG -DUSE_HAL_DRIVER -DSTM32F407xx -c -I../Core/Inc -I"C:/Users/hfk47/STM32CubeIDE/workspace_1.18.1/F407DISC-SDcard_ILI9341/GUI/inc" -I../Drivers/STM32F4xx_HAL_Driver/Inc -I../Drivers/STM32F4xx_HAL_Driver/Inc/Legacy -I../Drivers/CMSIS/Device/ST/STM32F4xx/Include -I../Drivers/CMSIS/Include -I../FATFS/Target -I../FATFS/App -I../Middlewares/Third_Party/FatFs/src -O0 -ffunction-sections -fdata-sections -Wall -fstack-usage -fcyclomatic-complexity -MMD -MP -MF"Drivers/STM32F4xx_HAL_Driver/Src/stm32f4xx_hal_cortex.d" -MT"Drivers/STM32F4xx_HAL_Driver/Src/stm32f4xx_hal_cortex.o" --specs=nano.specs -mfpu=fpv4-sp-d16 -mfloat-abi=hard -mthumb -o "Drivers/STM32F4xx_HAL_Driver/Src/stm32f4xx_hal_cortex.o"
arm-none-eabi-gcc "../Drivers/STM32F4xx_HAL_Driver/Src/stm32f4xx_hal_crc.c" -mcpu=cortex-m4 -std=gnu11 -g3 -DDEBUG -DUSE_HAL_DRIVER -DSTM32F407xx -c -I../Core/Inc -I"C:/Users/hfk47/STM32CubeIDE/workspace_1.18.1/F407DISC-SDcard_ILI9341/GUI/inc" -I../Drivers/STM32F4xx_HAL_Driver/Inc -I../Drivers/STM32F4xx_HAL_Driver/Inc/Legacy -I../Drivers/CMSIS/Device/ST/STM32F4xx/Include -I../Drivers/CMSIS/Include -I../FATFS/Target -I../FATFS/App -I../Middlewares/Third_Party/FatFs/src -O0 -ffunction-sections -fdata-sections -Wall -fstack-usage -fcyclomatic-complexity -MMD -MP -MF"Drivers/STM32F4xx_HAL_Driver/Src/stm32f4xx_hal_crc.d" -MT"Drivers/STM32F4xx_HAL_Driver/Src/stm32f4xx_hal_crc.o" --specs=nano.specs -mfpu=fpv4-sp-d16 -mfloat-abi=hard -mthumb -o "Drivers/STM32F4xx_HAL_Driver/Src/stm32f4xx_hal_crc.o"
arm-none-eabi-gcc "../Drivers/STM32F4xx_HAL_Driver/Src/stm32f4xx_hal_dma.c" -mcpu=cortex-m4 -std=gnu11 -g3 -DDEBUG -DUSE_HAL_DRIVER -DSTM32F407xx -c -I../Core/Inc -I"C:/Users/hfk47/STM32CubeIDE/workspace_1.18.1/F407DISC-SDcard_ILI9341/GUI/inc" -I../Drivers/STM32F4xx_HAL_Driver/Inc -I../Drivers/STM32F4xx_HAL_Driver/Inc/Legacy -I../Drivers/CMSIS/Device/ST/STM32F4xx/Include -I../Drivers/CMSIS/Include -I../FATFS/Target -I../FATFS/App -I../Middlewares/Third_Party/FatFs/src -O0 -ffunction-sections -fdata-sections -Wall -fstack-usage -fcyclomatic-complexity -MMD -MP -MF"Drivers/STM32F4xx_HAL_Driver/Src/stm32f4xx_hal_dma.d" -MT"Drivers/STM32F4xx_HAL_Driver/Src/stm32f4xx_hal_dma.o" --specs=nano.specs -mfpu=fpv4-sp-d16 -mfloat-abi=hard -mthumb -o "Drivers/STM32F4xx_HAL_Driver/Src/stm32f4xx_hal_dma.o"
arm-none-eabi-gcc "../Drivers/STM32F4xx_HAL_Driver/Src/stm32f4xx_hal_dma_ex.c" -mcpu=cortex-m4 -std=gnu11 -g3 -DDEBUG -DUSE_HAL_DRIVER -DSTM32F407xx -c -I../Core/Inc -I"C:/Users/hfk47/STM32CubeIDE/workspace_1.18.1/F407DISC-SDcard_ILI9341/GUI/inc" -I../Drivers/STM32F4xx_HAL_Driver/Inc -I../Drivers/STM32F4xx_HAL_Driver/Inc/Legacy -I../Drivers/CMSIS/Device/ST/STM32F4xx/Include -I../Drivers/CMSIS/Include -I../FATFS/Target -I../FATFS/App -I../Middlewares/Third_Party/FatFs/src -O0 -ffunction-sections -fdata-sections -Wall -fstack-usage -fcyclomatic-complexity -MMD -MP -MF"Drivers/STM32F4xx_HAL_Driver/Src/stm32f4xx_hal_dma_ex.d" -MT"Drivers/STM32F4xx_HAL_Driver/Src/stm32f4xx_hal_dma_ex.o" --specs=nano.specs -mfpu=fpv4-sp-d16 -mfloat-abi=hard -mthumb -o "Drivers/STM32F4xx_HAL_Driver/Src/stm32f4xx_hal_dma_ex.o"
arm-none-eabi-gcc "../Drivers/STM32F4xx_HAL_Driver/Src/stm32f4xx_hal_exti.c" -mcpu=cortex-m4 -std=gnu11 -g3 -DDEBUG -DUSE_HAL_DRIVER -DSTM32F407xx -c -I../Core/Inc -I"C:/Users/hfk47/STM32CubeIDE/workspace_1.18.1/F407DISC-SDcard_ILI9341/GUI/inc" -I../Drivers/STM32F4xx_HAL_Driver/Inc -I../Drivers/STM32F4xx_HAL_Driver/Inc/Legacy -I../Drivers/CMSIS/Device/ST/STM32F4xx/Include -I../Drivers/CMSIS/Include -I../FATFS/Target -I../FATFS/App -I../Middlewares/Third_Party/FatFs/src -O0 -ffunction-sections -fdata-sections -Wall -fstack-usage -fcyclomatic-complexity -MMD -MP -MF"Drivers/STM32F4xx_HAL_Driver/Src/stm32f4xx_hal_exti.d" -MT"Drivers/STM32F4xx_HAL_Driver/Src/stm32f4xx_hal_exti.o" --specs=nano.specs -mfpu=fpv4-sp-d16 -mfloat-abi=hard -mthumb -o "Drivers/STM32F4xx_HAL_Driver/Src/stm32f4xx_hal_exti.o"
arm-none-eabi-gcc "../Drivers/STM32F4xx_HAL_Driver/Src/stm32f4xx_hal_flash.c" -mcpu=cortex-m4 -std=gnu11 -g3 -DDEBUG -DUSE_HAL_DRIVER -DSTM32F407xx -c -I../Core/Inc -I"C:/Users/hfk47/STM32CubeIDE/workspace_1.18.1/F407DISC-SDcard_ILI9341/GUI/inc" -I../Drivers/STM32F4xx_HAL_Driver/Inc -I../Drivers/STM32F4xx_HAL_Driver/Inc/Legacy -I../Drivers/CMSIS/Device/ST/STM32F4xx/Include -I../Drivers/CMSIS/Include -I../FATFS/Target -I../FATFS/App -I../Middlewares/Third_Party/FatFs/src -O0 -ffunction-sections -fdata-sections -Wall -fstack-usage -fcyclomatic-complexity -MMD -MP -MF"Drivers/STM32F4xx_HAL_Driver/Src/stm32f4xx_hal_flash.d" -MT"Drivers/STM32F4xx_HAL_Driver/Src/stm32f4xx_hal_flash.o" --specs=nano.specs -mfpu=fpv4-sp-d16 -mfloat-abi=hard -mthumb -o "Drivers/STM32F4xx_HAL_Driver/Src/stm32f4xx_hal_flash.o"
arm-none-eabi-gcc "../Drivers/STM32F4xx_HAL_Driver/Src/stm32f4xx_hal_flash_ex.c" -mcpu=cortex-m4 -std=gnu11 -g3 -DDEBUG -DUSE_HAL_DRIVER -DSTM32F407xx -c -I../Core/Inc -I"C:/Users/hfk47/STM32CubeIDE/workspace_1.18.1/F407DISC-SDcard_ILI9341/GUI/inc" -I../Drivers/STM32F4xx_HAL_Driver/Inc -I../Drivers/STM32F4xx_HAL_Driver/Inc/Legacy -I../Drivers/CMSIS/Device/ST/STM32F4xx/Include -I../Drivers/CMSIS/Include -I../FATFS/Target -I../FATFS/App -I../Middlewares/Third_Party/FatFs/src -O0 -ffunction-sections -fdata-sections -Wall -fstack-usage -fcyclomatic-complexity -MMD -MP -MF"Drivers/STM32F4xx_HAL_Driver/Src/stm32f4xx_hal_flash_ex.d" -MT"Drivers/STM32F4xx_HAL_Driver/Src/stm32f4xx_hal_flash_ex.o" --specs=nano.specs -mfpu=fpv4-sp-d16 -mfloat-abi=hard -mthumb -o "Drivers/STM32F4xx_HAL_Driver/Src/stm32f4xx_hal_flash_ex.o"
arm-none-eabi-gcc "../Drivers/STM32F4xx_HAL_Driver/Src/stm32f4xx_hal_flash_ramfunc.c" -mcpu=cortex-m4 -std=gnu11 -g3 -DDEBUG -DUSE_HAL_DRIVER -DSTM32F407xx -c -I../Core/Inc -I"C:/Users/hfk47/STM32CubeIDE/workspace_1.18.1/F407DISC-SDcard_ILI9341/GUI/inc" -I../Drivers/STM32F4xx_HAL_Driver/Inc -I../Drivers/STM32F4xx_HAL_Driver/Inc/Legacy -I../Drivers/CMSIS/Device/ST/STM32F4xx/Include -I../Drivers/CMSIS/Include -I../FATFS/Target -I../FATFS/App -I../Middlewares/Third_Party/FatFs/src -O0 -ffunction-sections -fdata-sections -Wall -fstack-usage -fcyclomatic-complexity -MMD -MP -MF"Drivers/STM32F4xx_HAL_Driver/Src/stm32f4xx_hal_flash_ramfunc.d" -MT"Drivers/STM32F4xx_HAL_Driver/Src/stm32f4xx_hal_flash_ramfunc.o" --specs=nano.specs -mfpu=fpv4-sp-d16 -mfloat-abi=hard -mthumb -o "Drivers/STM32F4xx_HAL_Driver/Src/stm32f4xx_hal_flash_ramfunc.o"
arm-none-eabi-gcc "../Drivers/STM32F4xx_HAL_Driver/Src/stm32f4xx_hal_gpio.c" -mcpu=cortex-m4 -std=gnu11 -g3 -DDEBUG -DUSE_HAL_DRIVER -DSTM32F407xx -c -I../Core/Inc -I"C:/Users/hfk47/STM32CubeIDE/workspace_1.18.1/F407DISC-SDcard_ILI9341/GUI/inc" -I../Drivers/STM32F4xx_HAL_Driver/Inc -I../Drivers/STM32F4xx_HAL_Driver/Inc/Legacy -I../Drivers/CMSIS/Device/ST/STM32F4xx/Include -I../Drivers/CMSIS/Include -I../FATFS/Target -I../FATFS/App -I../Middlewares/Third_Party/FatFs/src -O0 -ffunction-sections -fdata-sections -Wall -fstack-usage -fcyclomatic-complexity -MMD -MP -MF"Drivers/STM32F4xx_HAL_Driver/Src/stm32f4xx_hal_gpio.d" -MT"Drivers/STM32F4xx_HAL_Driver/Src/stm32f4xx_hal_gpio.o" --specs=nano.specs -mfpu=fpv4-sp-d16 -mfloat-abi=hard -mthumb -o "Drivers/STM32F4xx_HAL_Driver/Src/stm32f4xx_hal_gpio.o"
arm-none-eabi-gcc "../Drivers/STM32F4xx_HAL_Driver/Src/stm32f4xx_hal_pwr.c" -mcpu=cortex-m4 -std=gnu11 -g3 -DDEBUG -DUSE_HAL_DRIVER -DSTM32F407xx -c -I../Core/Inc -I"C:/Users/hfk47/STM32CubeIDE/workspace_1.18.1/F407DISC-SDcard_ILI9341/GUI/inc" -I../Drivers/STM32F4xx_HAL_Driver/Inc -I../Drivers/STM32F4xx_HAL_Driver/Inc/Legacy -I../Drivers/CMSIS/Device/ST/STM32F4xx/Include -I../Drivers/CMSIS/Include -I../FATFS/Target -I../FATFS/App -I../Middlewares/Third_Party/FatFs/src -O0 -ffunction-sections -fdata-sections -Wall -fstack-usage -fcyclomatic-complexity -MMD -MP -MF"Drivers/STM32F4xx_HAL_Driver/Src/stm32f4xx_hal_pwr.d" -MT"Drivers/STM32F4xx_HAL_Driver/Src/stm32f4xx_hal_pwr.o" --specs=nano.specs -mfpu=fpv4-sp-d16 -mfloat-abi=hard -mthumb -o "Drivers/STM32F4xx_HAL_Driver/Src/stm32f4xx_hal_pwr.o"
arm-none-eabi-gcc "../Drivers/STM32F4xx_HAL_Driver/Src/stm32f4xx_hal_pwr_ex.c" -mcpu=cortex-m4 -std=gnu11 -g3 -DDEBUG -DUSE_HAL_DRIVER -DSTM32F407xx -c -I../Core/Inc -I"C:/Users/hfk47/STM32CubeIDE/workspace_1.18.1/F407DISC-SDcard_ILI9341/GUI/inc" -I../Drivers/STM32F4xx_HAL_Driver/Inc -I../Drivers/STM32F4xx_HAL_Driver/Inc/Legacy -I../Drivers/CMSIS/Device/ST/STM32F4xx/Include -I../Drivers/CMSIS/Include -I../FATFS/Target -I../FATFS/App -I../Middlewares/Third_Party/FatFs/src -O0 -ffunction-sections -fdata-sections -Wall -fstack-usage -fcyclomatic-complexity -MMD -MP -MF"Drivers/STM32F4xx_HAL_Driver/Src/stm32f4xx_hal_pwr_ex.d" -MT"Drivers/STM32F4xx_HAL_Driver/Src/stm32f4xx_hal_pwr_ex.o" --specs=nano.specs -mfpu=fpv4-sp-d16 -mfloat-abi=hard -mthumb -o "Drivers/STM32F4xx_HAL_Driver/Src/stm32f4xx_hal_pwr_ex.o"
arm-none-eabi-gcc "../Drivers/STM32F4xx_HAL_Driver/Src/stm32f4xx_hal_rcc.c" -mcpu=cortex-m4 -std=gnu11 -g3 -DDEBUG -DUSE_HAL_DRIVER -DSTM32F407xx -c -I../Core/Inc -I"C:/Users/hfk47/STM32CubeIDE/workspace_1.18.1/F407DISC-SDcard_ILI9341/GUI/inc" -I../Drivers/STM32F4xx_HAL_Driver/Inc -I../Drivers/STM32F4xx_HAL_Driver/Inc/Legacy -I../Drivers/CMSIS/Device/ST/STM32F4xx/Include -I../Drivers/CMSIS/Include -I../FATFS/Target -I../FATFS/App -I../Middlewares/Third_Party/FatFs/src -O0 -ffunction-sections -fdata-sections -Wall -fstack-usage -fcyclomatic-complexity -MMD -MP -MF"Drivers/STM32F4xx_HAL_Driver/Src/stm32f4xx_hal_rcc.d" -MT"Drivers/STM32F4xx_HAL_Driver/Src/stm32f4xx_hal_rcc.o" --specs=nano.specs -mfpu=fpv4-sp-d16 -mfloat-abi=hard -mthumb -o "Drivers/STM32F4xx_HAL_Driver/Src/stm32f4xx_hal_rcc.o"
arm-none-eabi-gcc "../Drivers/STM32F4xx_HAL_Driver/Src/stm32f4xx_hal_rcc_ex.c" -mcpu=cortex-m4 -std=gnu11 -g3 -DDEBUG -DUSE_HAL_DRIVER -DSTM32F407xx -c -I../Core/Inc -I"C:/Users/hfk47/STM32CubeIDE/workspace_1.18.1/F407DISC-SDcard_ILI9341/GUI/inc" -I../Drivers/STM32F4xx_HAL_Driver/Inc -I../Drivers/STM32F4xx_HAL_Driver/Inc/Legacy -I../Drivers/CMSIS/Device/ST/STM32F4xx/Include -I../Drivers/CMSIS/Include -I../FATFS/Target -I../FATFS/App -I../Middlewares/Third_Party/FatFs/src -O0 -ffunction-sections -fdata-sections -Wall -fstack-usage -fcyclomatic-complexity -MMD -MP -MF"Drivers/STM32F4xx_HAL_Driver/Src/stm32f4xx_hal_rcc_ex.d" -MT"Drivers/STM32F4xx_HAL_Driver/Src/stm32f4xx_hal_rcc_ex.o" --specs=nano.specs -mfpu=fpv4-sp-d16 -mfloat-abi=hard -mthumb -o "Drivers/STM32F4xx_HAL_Driver/Src/stm32f4xx_hal_rcc_ex.o"
arm-none-eabi-gcc "../Drivers/STM32F4xx_HAL_Driver/Src/stm32f4xx_hal_spi.c" -mcpu=cortex-m4 -std=gnu11 -g3 -DDEBUG -DUSE_HAL_DRIVER -DSTM32F407xx -c -I../Core/Inc -I"C:/Users/hfk47/STM32CubeIDE/workspace_1.18.1/F407DISC-SDcard_ILI9341/GUI/inc" -I../Drivers/STM32F4xx_HAL_Driver/Inc -I../Drivers/STM32F4xx_HAL_Driver/Inc/Legacy -I../Drivers/CMSIS/Device/ST/STM32F4xx/Include -I../Drivers/CMSIS/Include -I../FATFS/Target -I../FATFS/App -I../Middlewares/Third_Party/FatFs/src -O0 -ffunction-sections -fdata-sections -Wall -fstack-usage -fcyclomatic-complexity -MMD -MP -MF"Drivers/STM32F4xx_HAL_Driver/Src/stm32f4xx_hal_spi.d" -MT"Drivers/STM32F4xx_HAL_Driver/Src/stm32f4xx_hal_spi.o" --specs=nano.specs -mfpu=fpv4-sp-d16 -mfloat-abi=hard -mthumb -o "Drivers/STM32F4xx_HAL_Driver/Src/stm32f4xx_hal_spi.o"
arm-none-eabi-gcc "../Core/Src/LCDConf_FlexColor.c" -mcpu=cortex-m4 -std=gnu11 -g3 -DDEBUG -DUSE_HAL_DRIVER -DSTM32F407xx -c -I../Core/Inc -I"C:/Users/hfk47/STM32CubeIDE/workspace_1.18.1/F407DISC-SDcard_ILI9341/GUI/inc" -I../Drivers/STM32F4xx_HAL_Driver/Inc -I../Drivers/STM32F4xx_HAL_Driver/Inc/Legacy -I../Drivers/CMSIS/Device/ST/STM32F4xx/Include -I../Drivers/CMSIS/Include -I../FATFS/Target -I../FATFS/App -I../Middlewares/Third_Party/FatFs/src -O0 -ffunction-sections -fdata-sections -Wall -fstack-usage -fcyclomatic-complexity -MMD -MP -MF"Core/Src/LCDConf_FlexColor.d" -MT"Core/Src/LCDConf_FlexColor.o" --specs=nano.specs -mfpu=fpv4-sp-d16 -mfloat-abi=hard -mthumb -o "Core/Src/LCDConf_FlexColor.o"
arm-none-eabi-gcc "../Core/Src/main.c" -mcpu=cortex-m4 -std=gnu11 -g3 -DDEBUG -DUSE_HAL_DRIVER -DSTM32F407xx -c -I../Core/Inc -I"C:/Users/hfk47/STM32CubeIDE/workspace_1.18.1/F407DISC-SDcard_ILI9341/GUI/inc" -I../Drivers/STM32F4xx_HAL_Driver/Inc -I../Drivers/STM32F4xx_HAL_Driver/Inc/Legacy -I../Drivers/CMSIS/Device/ST/STM32F4xx/Include -I../Drivers/CMSIS/Include -I../FATFS/Target -I../FATFS/App -I../Middlewares/Third_Party/FatFs/src -O0 -ffunction-sections -fdata-sections -Wall -fstack-usage -fcyclomatic-complexity -MMD -MP -MF"Core/Src/main.d" -MT"Core/Src/main.o" --specs=nano.specs -mfpu=fpv4-sp-d16 -mfloat-abi=hard -mthumb -o "Core/Src/main.o"
arm-none-eabi-gcc "../Core/Src/stm32f4xx_hal_msp.c" -mcpu=cortex-m4 -std=gnu11 -g3 -DDEBUG -DUSE_HAL_DRIVER -DSTM32F407xx -c -I../Core/Inc -I"C:/Users/hfk47/STM32CubeIDE/workspace_1.18.1/F407DISC-SDcard_ILI9341/GUI/inc" -I../Drivers/STM32F4xx_HAL_Driver/Inc -I../Drivers/STM32F4xx_HAL_Driver/Inc/Legacy -I../Drivers/CMSIS/Device/ST/STM32F4xx/Include -I../Drivers/CMSIS/Include -I../FATFS/Target -I../FATFS/App -I../Middlewares/Third_Party/FatFs/src -O0 -ffunction-sections -fdata-sections -Wall -fstack-usage -fcyclomatic-complexity -MMD -MP -MF"Core/Src/stm32f4xx_hal_msp.d" -MT"Core/Src/stm32f4xx_hal_msp.o" --specs=nano.specs -mfpu=fpv4-sp-d16 -mfloat-abi=hard -mthumb -o "Core/Src/stm32f4xx_hal_msp.o"
arm-none-eabi-gcc "../Core/Src/stm32f4xx_it.c" -mcpu=cortex-m4 -std=gnu11 -g3 -DDEBUG -DUSE_HAL_DRIVER -DSTM32F407xx -c -I../Core/Inc -I"C:/Users/hfk47/STM32CubeIDE/workspace_1.18.1/F407DISC-SDcard_ILI9341/GUI/inc" -I../Drivers/STM32F4xx_HAL_Driver/Inc -I../Drivers/STM32F4xx_HAL_Driver/Inc/Legacy -I../Drivers/CMSIS/Device/ST/STM32F4xx/Include -I../Drivers/CMSIS/Include -I../FATFS/Target -I../FATFS/App -I../Middlewares/Third_Party/FatFs/src -O0 -ffunction-sections -fdata-sections -Wall -fstack-usage -fcyclomatic-complexity -MMD -MP -MF"Core/Src/stm32f4xx_it.d" -MT"Core/Src/stm32f4xx_it.o" --specs=nano.specs -mfpu=fpv4-sp-d16 -mfloat-abi=hard -mthumb -o "Core/Src/stm32f4xx_it.o"
arm-none-eabi-gcc "../Core/Src/system_stm32f4xx.c" -mcpu=cortex-m4 -std=gnu11 -g3 -DDEBUG -DUSE_HAL_DRIVER -DSTM32F407xx -c -I../Core/Inc -I"C:/Users/hfk47/STM32CubeIDE/workspace_1.18.1/F407DISC-SDcard_ILI9341/GUI/inc" -I../Drivers/STM32F4xx_HAL_Driver/Inc -I../Drivers/STM32F4xx_HAL_Driver/Inc/Legacy -I../Drivers/CMSIS/Device/ST/STM32F4xx/Include -I../Drivers/CMSIS/Include -I../FATFS/Target -I../FATFS/App -I../Middlewares/Third_Party/FatFs/src -O0 -ffunction-sections -fdata-sections -Wall -fstack-usage -fcyclomatic-complexity -MMD -MP -MF"Core/Src/system_stm32f4xx.d" -MT"Core/Src/system_stm32f4xx.o" --specs=nano.specs -mfpu=fpv4-sp-d16 -mfloat-abi=hard -mthumb -o "Core/Src/system_stm32f4xx.o"
arm-none-eabi-gcc "../Core/Inc/fatfs_sd.c" -mcpu=cortex-m4 -std=gnu11 -g3 -DDEBUG -DUSE_HAL_DRIVER -DSTM32F407xx -c -I../Core/Inc -I"C:/Users/hfk47/STM32CubeIDE/workspace_1.18.1/F407DISC-SDcard_ILI9341/GUI/inc" -I../Drivers/STM32F4xx_HAL_Driver/Inc -I../Drivers/STM32F4xx_HAL_Driver/Inc/Legacy -I../Drivers/CMSIS/Device/ST/STM32F4xx/Include -I../Drivers/CMSIS/Include -I../FATFS/Target -I../FATFS/App -I../Middlewares/Third_Party/FatFs/src -O0 -ffunction-sections -fdata-sections -Wall -fstack-usage -fcyclomatic-complexity -MMD -MP -MF"Core/Inc/fatfs_sd.d" -MT"Core/Inc/fatfs_sd.o" --specs=nano.specs -mfpu=fpv4-sp-d16 -mfloat-abi=hard -mthumb -o "Core/Inc/fatfs_sd.o"
../Core/Src/main.c: In function 'main':
../Core/Src/main.c:142:41: warning: array subscript has type 'char' [-Wchar-subscripts]
  142 |       res = f_open(&ImgFile, file_name[i++], FA_OPEN_EXISTING | FA_READ);
      |                                        ~^~
arm-none-eabi-g++ -o "F407DISC-SDcard_ILI9341.elf" @"objects.list"  -l:STemWin_CM4_wc32_ARGB.a -mcpu=cortex-m4 -T"C:\Users\hfk47\STM32CubeIDE\workspace_1.18.1\F407DISC-SDcard_ILI9341\STM32F407VGTX_FLASH.ld" -Wl,-Map="F407DISC-SDcard_ILI9341.map" -Wl,--gc-sections -static -L"C:\Users\hfk47\STM32CubeIDE\workspace_1.18.1\F407DISC-SDcard_ILI9341\GUI\Lib" --specs=nano.specs -mfpu=fpv4-sp-d16 -mfloat-abi=hard -mthumb -Wl,--start-group -lc -lm -lstdc++ -lsupc++ -Wl,--end-group
Finished building target: F407DISC-SDcard_ILI9341.elf
 
arm-none-eabi-size  F407DISC-SDcard_ILI9341.elf 
arm-none-eabi-objdump -h -S F407DISC-SDcard_ILI9341.elf  > "F407DISC-SDcard_ILI9341.list"
   text	   data	    bss	    dec	    hex	filename
  54940	    284	  43372	  98596	  18124	F407DISC-SDcard_ILI9341.elf
Finished building: default.size.stdout
 
Finished building: F407DISC-SDcard_ILI9341.list
 
23:47:36 **** Incremental Build of configuration Debug for project F407DISC-SDcard_ILI9341 ****
make -j16 all 
arm-none-eabi-size  F407DISC-SDcard_ILI9341.elf 
   text	   data	    bss	    dec	    hex	filename
  54940	    284	  43372	  98596	  18124	F407DISC-SDcard_ILI9341.elf
Finished building: default.size.stdout
 
