16:42:37 **** Incremental Build of configuration Debug for project STM32_ILI9341_STEMWIN ****
make -j16 all 
arm-none-eabi-gcc "../Core/Src/WindowDLG.c" -mcpu=cortex-m4 -std=gnu11 -g3 -DUSE_HAL_DRIVER -DDEBUG -DSTM32F407xx -c -I../Core/Inc -I../Drivers/STM32F4xx_HAL_Driver/Inc -I../Drivers/STM32F4xx_HAL_Driver/Inc/Legacy -I../Drivers/CMSIS/Device/ST/STM32F4xx/Include -I../Drivers/CMSIS/Include -I../GUI/Inc -O0 -ffunction-sections -fdata-sections -Wall -fstack-usage -fcyclomatic-complexity -MMD -MP -MF"Core/Src/WindowDLG.d" -MT"Core/Src/WindowDLG.o" --specs=nano.specs -mfpu=fpv4-sp-d16 -mfloat-abi=hard -mthumb -o "Core/Src/WindowDLG.o"
arm-none-eabi-g++ -o "STM32_ILI9341_STEMWIN.elf" @"objects.list"  -l:STemWin_CM4_wc32_ARGB.a -mcpu=cortex-m4 -T"C:\Users\hfk47\Desktop\STM32_ILI9341_STEMWIN\STM32F407VGTX_FLASH.ld" -Wl,-Map="STM32_ILI9341_STEMWIN.map" -Wl,--gc-sections -static -L../GUI/Lib --specs=nano.specs -mfpu=fpv4-sp-d16 -mfloat-abi=hard -mthumb -Wl,--start-group -lc -lm -lstdc++ -lsupc++ -Wl,--end-group
C:/ST/STM32CubeIDE_1.18.1/STM32CubeIDE/plugins/com.st.stm32cube.ide.mcu.externaltools.gnu-tools-for-stm32.13.3.rel1.win32_1.0.0.202411081344/tools/bin/../lib/gcc/arm-none-eabi/13.3.1/../../../../arm-none-eabi/bin/ld.exe: warning: STM32_ILI9341_STEMWIN.elf has a LOAD segment with RWX permissions
Finished building target: STM32_ILI9341_STEMWIN.elf
 
arm-none-eabi-size  STM32_ILI9341_STEMWIN.elf 
arm-none-eabi-objdump -h -S STM32_ILI9341_STEMWIN.elf  > "STM32_ILI9341_STEMWIN.list"
   text	   data	    bss	    dec	    hex	filename
 896600	    132	  13164	 909896	  de248	STM32_ILI9341_STEMWIN.elf
Finished building: default.size.stdout
 
Finished building: STM32_ILI9341_STEMWIN.list
 

16:42:38 Build Finished. 0 errors, 1 warnings. (took 1s.887ms)

